2026-07-29 14:46:12.526 [main] INFO  Freerouting v1.9.0 (build-date: 2023-10-30)
2026-07-29 14:46:12.607 [main] ERROR null
java.awt.HeadlessException: null
	at sun.awt.HeadlessToolkit.getScreenSize(HeadlessToolkit.java:186) ~[?:?]
	at app.freerouting.gui.MainApplication.main(MainApplication.java:269) ~[freerouting19.jar:unspecified]
2026-07-29 14:46:12.633 [main] ERROR Exception in FRAnalytics.trackAnonymousAction: Cannot invoke "app.freerouting.management.SegmentClient.track(String, String, String, app.freerouting.management.segment.Properties)" because "app.freerouting.management.FRAnalytics.analytics" is null
java.lang.NullPointerException: Cannot invoke "app.freerouting.management.SegmentClient.track(String, String, String, app.freerouting.management.segment.Properties)" because "app.freerouting.management.FRAnalytics.analytics" is null
	at app.freerouting.management.FRAnalytics.trackAnonymousAction(FRAnalytics.java:139) [freerouting19.jar:unspecified]
	at app.freerouting.management.FRAnalytics.exceptionThrown(FRAnalytics.java:323) [freerouting19.jar:unspecified]
	at app.freerouting.gui.DefaultExceptionHandler.handleException(DefaultExceptionHandler.java:15) [freerouting19.jar:unspecified]
	at app.freerouting.gui.DefaultExceptionHandler.uncaughtException(DefaultExceptionHandler.java:29) [freerouting19.jar:unspecified]
	at java.lang.ThreadGroup.uncaughtException(ThreadGroup.java:695) [?:?]
	at java.lang.ThreadGroup.uncaughtException(ThreadGroup.java:690) [?:?]
	at java.lang.Thread.dispatchUncaughtException(Thread.java:2902) [?:?]
2026-07-29 15:14:40.311 [main] INFO  Freerouting v1.9.0 (build-date: 2023-10-30)
2026-07-29 15:14:40.348 [main] INFO  Settings were loaded from freerouting.json
2026-07-29 15:14:40.349 [main] ERROR null
java.awt.HeadlessException: null
	at sun.awt.HeadlessToolkit.getScreenSize(HeadlessToolkit.java:186) ~[?:?]
	at app.freerouting.gui.MainApplication.main(MainApplication.java:269) ~[freerouting19.jar:unspecified]
2026-07-29 15:14:40.359 [main] ERROR Exception in FRAnalytics.trackAnonymousAction: Cannot invoke "app.freerouting.management.SegmentClient.track(String, String, String, app.freerouting.management.segment.Properties)" because "app.freerouting.management.FRAnalytics.analytics" is null
java.lang.NullPointerException: Cannot invoke "app.freerouting.management.SegmentClient.track(String, String, String, app.freerouting.management.segment.Properties)" because "app.freerouting.management.FRAnalytics.analytics" is null
	at app.freerouting.management.FRAnalytics.trackAnonymousAction(FRAnalytics.java:139) [freerouting19.jar:unspecified]
	at app.freerouting.management.FRAnalytics.exceptionThrown(FRAnalytics.java:323) [freerouting19.jar:unspecified]
	at app.freerouting.gui.DefaultExceptionHandler.handleException(DefaultExceptionHandler.java:15) [freerouting19.jar:unspecified]
	at app.freerouting.gui.DefaultExceptionHandler.uncaughtException(DefaultExceptionHandler.java:29) [freerouting19.jar:unspecified]
	at java.lang.ThreadGroup.uncaughtException(ThreadGroup.java:695) [?:?]
	at java.lang.ThreadGroup.uncaughtException(ThreadGroup.java:690) [?:?]
	at java.lang.Thread.dispatchUncaughtException(Thread.java:2902) [?:?]
2026-07-29 17:51:55.653 [main] INFO  Freerouting v1.9.0 (build-date: 2023-10-30)
2026-07-29 17:51:55.681 [main] INFO  Settings were loaded from freerouting.json
2026-07-29 17:51:56.702 [main] INFO  Opening '/home/bmarty/ulx3s_oric/hardware/phaseA/phaseA_r15.dsn'...
2026-07-29 17:51:57.503 [ForkJoinPool.commonPool-worker-1] INFO  New version available: v2.2.4
2026-07-29 17:52:17.473 [Thread-22] INFO  Starting auto-routing...
2026-07-29 17:52:38.080 [Thread-22] WARN  There were only 18,20 changes in the last 20 passes, so it's very likely that autorouter can't improve the result much further. It is recommended to stop it and finish the board manually.
2026-07-29 17:52:38.625 [Thread-22] INFO  Auto-routing was completed in 21,15 seconds.
2026-07-29 17:52:38.726 [Thread-22] INFO  Starting route optimization on 1 thread...
2026-07-29 17:52:45.918 [Thread-22] INFO  Route optimization was completed in 7,19 seconds.
2026-07-29 17:52:45.928 [Thread-22] INFO  Saving '/home/bmarty/ulx3s_oric/hardware/phaseA/phaseA_r19.ses'...
2026-07-29 17:57:20.687 [main] INFO  Freerouting v1.9.0 (build-date: 2023-10-30)
2026-07-29 17:57:20.711 [main] INFO  Settings were loaded from freerouting.json
2026-07-29 17:57:21.726 [main] INFO  Opening '/home/bmarty/ulx3s_oric/hardware/phaseA/phaseA_r21.dsn'...
2026-07-29 17:57:22.708 [ForkJoinPool.commonPool-worker-1] INFO  New version available: v2.2.4
2026-07-29 17:57:25.876 [Thread-22] INFO  Starting auto-routing...
2026-07-29 17:57:59.381 [Thread-22] WARN  There were only 18,95 changes in the last 20 passes, so it's very likely that autorouter can't improve the result much further. It is recommended to stop it and finish the board manually.
2026-07-29 17:58:00.077 [Thread-22] INFO  Auto-routing was completed in 34,20 seconds.
2026-07-29 17:58:00.179 [Thread-22] INFO  Starting route optimization on 1 thread...
2026-07-29 17:58:07.733 [Thread-22] INFO  Route optimization was completed in 7,55 seconds.
2026-07-29 17:58:07.744 [Thread-22] INFO  Saving '/home/bmarty/ulx3s_oric/hardware/phaseA/phaseA_r21.ses'...
2026-07-29 17:58:35.817 [main] INFO  Freerouting v1.9.0 (build-date: 2023-10-30)
2026-07-29 17:58:35.842 [main] INFO  Settings were loaded from freerouting.json
2026-07-29 17:58:36.866 [main] INFO  Opening '/home/bmarty/ulx3s_oric/hardware/phaseA/phaseA_r22.dsn'...
2026-07-29 17:58:37.981 [ForkJoinPool.commonPool-worker-1] INFO  New version available: v2.2.4
2026-07-29 17:58:41.508 [Thread-22] INFO  Starting auto-routing...
2026-07-29 17:59:15.286 [Thread-22] WARN  There were only 18,00 changes in the last 20 passes, so it's very likely that autorouter can't improve the result much further. It is recommended to stop it and finish the board manually.
2026-07-29 17:59:27.085 [Thread-22] INFO  Auto-routing was completed in 45,58 seconds.
2026-07-29 17:59:27.186 [Thread-22] INFO  Starting route optimization on 1 thread...
2026-07-29 17:59:33.907 [Thread-22] INFO  Route optimization was completed in 6,72 seconds.
2026-07-29 17:59:33.917 [Thread-22] INFO  Saving '/home/bmarty/ulx3s_oric/hardware/phaseA/phaseA_r22.ses'...
2026-07-29 18:02:20.563 [main] INFO  Freerouting v1.9.0 (build-date: 2023-10-30)
2026-07-29 18:02:20.589 [main] INFO  Settings were loaded from freerouting.json
2026-07-29 18:02:21.603 [main] INFO  Opening '/home/bmarty/ulx3s_oric/hardware/phaseA/phaseA_r22.dsn'...
2026-07-29 18:02:22.599 [ForkJoinPool.commonPool-worker-1] INFO  New version available: v2.2.4
2026-07-29 18:02:42.889 [Thread-22] INFO  Starting auto-routing...
2026-07-29 18:03:15.450 [Thread-22] INFO  Auto-routing was completed in 32,56 seconds.
2026-07-29 18:03:15.551 [Thread-22] INFO  Starting route optimization on 1 thread...
2026-07-29 18:03:22.152 [Thread-22] INFO  Route optimization was completed in 6,60 seconds.
2026-07-29 18:03:22.162 [Thread-22] INFO  Saving '/home/bmarty/ulx3s_oric/hardware/phaseA/phaseA_try.ses'...
2026-07-29 18:03:23.106 [main] INFO  Freerouting v1.9.0 (build-date: 2023-10-30)
2026-07-29 18:03:23.132 [main] INFO  Settings were loaded from freerouting.json
2026-07-29 18:03:24.147 [main] INFO  Opening '/home/bmarty/ulx3s_oric/hardware/phaseA/phaseA_r22.dsn'...
2026-07-29 18:03:25.369 [ForkJoinPool.commonPool-worker-1] INFO  New version available: v2.2.4
2026-07-29 18:03:28.350 [Thread-22] INFO  Starting auto-routing...
2026-07-29 18:04:04.832 [Thread-22] WARN  There were only 18,00 changes in the last 20 passes, so it's very likely that autorouter can't improve the result much further. It is recommended to stop it and finish the board manually.
2026-07-29 18:04:25.711 [Thread-22] WARN  There were only 15,93 changes in the last 40 passes, so it's very likely that autorouter can't improve the result much further. It is recommended to stop it and finish the board manually.
2026-07-29 18:04:38.108 [Thread-22] INFO  Auto-routing was completed in 1 minute(s) 9,76 seconds.
2026-07-29 18:04:38.209 [Thread-22] INFO  Starting route optimization on 1 thread...
2026-07-29 18:04:45.052 [Thread-22] INFO  Route optimization was completed in 6,84 seconds.
2026-07-29 18:04:45.063 [Thread-22] INFO  Saving '/home/bmarty/ulx3s_oric/hardware/phaseA/phaseA_try.ses'...
2026-07-29 18:04:46.137 [main] INFO  Freerouting v1.9.0 (build-date: 2023-10-30)
2026-07-29 18:04:46.167 [main] INFO  Settings were loaded from freerouting.json
2026-07-29 18:04:47.190 [main] INFO  Opening '/home/bmarty/ulx3s_oric/hardware/phaseA/phaseA_r22.dsn'...
2026-07-29 18:04:48.200 [ForkJoinPool.commonPool-worker-1] INFO  New version available: v2.2.4
2026-07-29 18:05:08.531 [Thread-22] INFO  Starting auto-routing...
2026-07-29 18:05:32.137 [Thread-22] INFO  Auto-routing was completed in 23,60 seconds.
2026-07-29 18:05:32.238 [Thread-22] INFO  Starting route optimization on 1 thread...
2026-07-29 18:05:38.805 [Thread-22] INFO  Route optimization was completed in 6,57 seconds.
2026-07-29 18:05:38.816 [Thread-22] INFO  Saving '/home/bmarty/ulx3s_oric/hardware/phaseA/phaseA_try.ses'...
2026-07-29 18:06:23.650 [main] INFO  Freerouting v1.9.0 (build-date: 2023-10-30)
2026-07-29 18:06:23.674 [main] INFO  Settings were loaded from freerouting.json
2026-07-29 18:06:24.691 [main] INFO  Opening '/home/bmarty/ulx3s_oric/hardware/phaseA/phaseA_cont.dsn'...
2026-07-29 18:06:25.538 [ForkJoinPool.commonPool-worker-1] INFO  New version available: v2.2.4
2026-07-29 18:06:46.112 [Thread-22] INFO  Starting auto-routing...
2026-07-29 18:06:46.337 [Thread-22] WARN  FloatLine: Parameter is null
2026-07-29 18:06:48.233 [Thread-22] INFO  Auto-routing was completed in 2,12 seconds.
2026-07-29 18:06:48.334 [Thread-22] INFO  Starting route optimization on 1 thread...
2026-07-29 18:06:50.838 [Thread-22] INFO  Route optimization was completed in 2,50 seconds.
2026-07-29 18:06:50.851 [Thread-22] INFO  Saving '/home/bmarty/ulx3s_oric/hardware/phaseA/phaseA_cont.ses'...
2026-07-29 18:07:16.273 [main] INFO  Freerouting v1.9.0 (build-date: 2023-10-30)
2026-07-29 18:07:16.298 [main] INFO  Settings were loaded from freerouting.json
2026-07-29 18:07:17.324 [main] INFO  Opening 'phaseA_cont.dsn'...
2026-07-29 18:07:18.075 [ForkJoinPool.commonPool-worker-1] INFO  New version available: v2.2.4
2026-07-29 18:07:38.455 [Thread-22] INFO  Starting auto-routing...
2026-07-29 18:08:11.168 [Thread-22] INFO  Auto-routing was completed in 32,71 seconds.
2026-07-29 18:08:11.268 [Thread-22] INFO  Starting route optimization on 1 thread...
2026-07-29 18:08:17.618 [Thread-22] INFO  Route optimization was completed in 6,35 seconds.
2026-07-29 18:08:17.628 [Thread-22] INFO  Saving 'phaseA_cont.ses'...
2026-07-29 18:08:19.772 [main] INFO  Freerouting v1.9.0 (build-date: 2023-10-30)
2026-07-29 18:08:19.796 [main] INFO  Settings were loaded from freerouting.json
2026-07-29 18:08:20.822 [main] INFO  Opening 'phaseA_cont.dsn'...
2026-07-29 18:08:21.670 [ForkJoinPool.commonPool-worker-1] INFO  New version available: v2.2.4
2026-07-29 18:08:42.234 [Thread-23] INFO  Starting auto-routing...
2026-07-29 18:08:43.757 [Thread-23] INFO  Auto-routing was completed in 1,52 seconds.
2026-07-29 18:08:43.858 [Thread-23] INFO  Starting route optimization on 1 thread...
2026-07-29 18:08:45.428 [Thread-23] INFO  Route optimization was completed in 1,57 seconds.
2026-07-29 18:08:45.439 [Thread-23] INFO  Saving 'phaseA_cont.ses'...
2026-07-29 18:08:47.114 [main] INFO  Freerouting v1.9.0 (build-date: 2023-10-30)
2026-07-29 18:08:47.140 [main] INFO  Settings were loaded from freerouting.json
2026-07-29 18:08:48.164 [main] INFO  Opening 'phaseA_cont.dsn'...
2026-07-29 18:08:48.750 [ForkJoinPool.commonPool-worker-1] INFO  New version available: v2.2.4
2026-07-29 18:09:09.436 [Thread-22] INFO  Starting auto-routing...
2026-07-29 18:09:41.501 [Thread-22] INFO  Auto-routing was completed in 32,06 seconds.
2026-07-29 18:09:41.602 [Thread-22] INFO  Starting route optimization on 1 thread...
2026-07-29 18:09:48.233 [Thread-22] INFO  Route optimization was completed in 6,63 seconds.
2026-07-29 18:09:48.242 [Thread-22] INFO  Saving 'phaseA_cont.ses'...
2026-07-29 18:09:50.442 [main] INFO  Freerouting v1.9.0 (build-date: 2023-10-30)
2026-07-29 18:09:50.469 [main] INFO  Settings were loaded from freerouting.json
2026-07-29 18:09:51.493 [main] INFO  Opening 'phaseA_cont.dsn'...
2026-07-29 18:09:52.357 [ForkJoinPool.commonPool-worker-1] INFO  New version available: v2.2.4
2026-07-29 18:10:12.939 [Thread-22] INFO  Starting auto-routing...
2026-07-29 18:10:14.488 [Thread-22] INFO  Auto-routing was completed in 1,55 seconds.
2026-07-29 18:10:14.589 [Thread-22] INFO  Starting route optimization on 1 thread...
2026-07-29 18:10:16.221 [Thread-22] INFO  Route optimization was completed in 1,63 seconds.
2026-07-29 18:10:16.233 [Thread-22] INFO  Saving 'phaseA_cont.ses'...
2026-07-29 18:11:02.327 [main] INFO  Freerouting v1.9.0 (build-date: 2023-10-30)
2026-07-29 18:11:02.353 [main] INFO  Settings were loaded from freerouting.json
2026-07-29 18:11:03.378 [main] INFO  Opening 'phaseA_last.dsn'...
2026-07-29 18:11:04.054 [ForkJoinPool.commonPool-worker-1] INFO  New version available: v2.2.4
2026-07-29 18:11:09.946 [Thread-22] INFO  Starting auto-routing...
2026-07-29 18:11:11.347 [Thread-22] INFO  Auto-routing was completed in 1,40 seconds.
2026-07-29 18:11:11.448 [Thread-22] INFO  Starting route optimization on 1 thread...
2026-07-29 18:11:13.484 [Thread-22] INFO  Route optimization was completed in 2,04 seconds.
2026-07-29 18:11:13.497 [Thread-22] INFO  Saving 'phaseA_last.ses'...
2026-07-29 18:17:01.340 [main] INFO  Freerouting v1.9.0 (build-date: 2023-10-30)
2026-07-29 18:17:01.365 [main] INFO  Settings were loaded from freerouting.json
2026-07-29 18:17:02.390 [main] INFO  Opening 'phaseA_fin2.dsn'...
2026-07-29 18:17:02.728 [main] WARN  Wiring.read_wire_scope: wire corner outside board at 'ROMDIS5_n'
2026-07-29 18:17:03.663 [ForkJoinPool.commonPool-worker-1] INFO  New version available: v2.2.4
2026-07-29 18:21:03.581 [Thread-23] INFO  Starting auto-routing...
2026-07-29 18:21:03.800 [Thread-23] WARN  FloatLine: Parameter is null
2026-07-29 18:21:05.666 [Thread-23] INFO  Auto-routing was completed in 2,08 seconds.
2026-07-29 18:21:05.767 [Thread-23] INFO  Starting route optimization on 1 thread...
2026-07-29 18:21:07.758 [Thread-23] INFO  Route optimization was completed in 1,99 seconds.
2026-07-29 18:21:07.782 [Thread-23] INFO  Saving 'phaseA_fin2.ses'...
