2026-07-29 16:47:47.465 INFO   Freerouting v2.2.4 (build-date: 2026-05-13)
2026-07-29 16:47:47.505 WARN   Couldn't get screen resolution. If you are running in a headless environment, disable the GUI by setting gui.enabled to false.
2026-07-29 16:47:48.799 INFO   [6B146B\88E4FF] Job '6B146B\88E4FF' started at 2026-07-29T14:47:48.798686215Z.
2026-07-29 16:47:49.228 INFO   New version available: v2.2.4
2026-07-29 16:48:06.118 INFO   [6B146B\88E4FF] Auto-router pass #1 on board '710978aae6377b39dd699421a2943089' was completed in 17.15 seconds with the score of 872.80 (53 unrouted), using 16.24 CPU seconds and the job allocated 13.04 GB of memory so far.
2026-07-29 16:48:15.392 INFO   [6B146B\88E4FF] Auto-router pass #2 on board '0a41cca5e660acd0246114d51e032056' was completed in 9.23 seconds with the score of 929.21 (33 unrouted), using 24.94 CPU seconds and the job allocated 19.84 GB of memory so far.
2026-07-29 16:48:22.347 INFO   [6B146B\88E4FF] Auto-router pass #3 on board 'be57e17eb78a39241c429a0ea5ab5c8d' was completed in 6.92 seconds with the score of 940.96 (28 unrouted), using 31.79 CPU seconds and the job allocated 25.87 GB of memory so far.
2026-07-29 16:48:30.914 INFO   [6B146B\88E4FF] Auto-router pass #4 on board 'b505277bd97bfe14e319d01e6921a177' was completed in 8.53 seconds with the score of 962.58 (18 unrouted), using 40.62 CPU seconds and the job allocated 33.86 GB of memory so far.
2026-07-29 16:48:35.971 INFO   [6B146B\88E4FF] Auto-router pass #5 on board '668bfd7b8e9d3a8bd8c59e5e3c5ca70c' was completed in 5.02 seconds with the score of 971.50 (13 unrouted), using 45.51 CPU seconds and the job allocated 38.15 GB of memory so far.
2026-07-29 16:48:40.304 INFO   [6B146B\88E4FF] Auto-router pass #6 on board '525244fe1da315a7bee2c05a8308f15d' was completed in 4.29 seconds with the score of 982.05 (7 unrouted), using 49.42 CPU seconds and the job allocated 41.58 GB of memory so far.
2026-07-29 16:48:44.589 INFO   [6B146B\88E4FF] Auto-router pass #7 on board '0723a4c00644c4e5280dd9e4fdf05f20' was completed in 4.24 seconds with the score of 985.21 (5 unrouted), using 53.30 CPU seconds and the job allocated 45.19 GB of memory so far.
2026-07-29 16:48:47.751 INFO   [6B146B\88E4FF] Auto-router pass #8 on board 'b4f5e24bf639e7537590e868c3940782' was completed in 3.11 seconds with the score of 989.88 (2 unrouted), using 56.22 CPU seconds and the job allocated 47.89 GB of memory so far.
2026-07-29 16:48:51.035 INFO   [6B146B\88E4FF] Auto-router pass #9 on board 'affc5aaa08f47a3f7dd879c9c702be2f' was completed in 3.23 seconds with the score of 991.27 (1 unrouted), using 60.09 CPU seconds and the job allocated 51.59 GB of memory so far.
2026-07-29 16:48:53.132 INFO   [6B146B\88E4FF] Auto-router pass #10 on board '344c05ef829402736232083090ad4141' was completed in 2.04 seconds with the score of 991.31 (1 unrouted), using 62.03 CPU seconds and the job allocated 53.33 GB of memory so far.
2026-07-29 16:48:54.102 INFO   [6B146B\88E4FF] Auto-router pass #11 on board '5fdcf8f5d93e436a1e64cb978a11593c' was completed in 0.92 seconds with the score of 991.30 (1 unrouted), using 63.00 CPU seconds and the job allocated 54.21 GB of memory so far.
2026-07-29 16:48:55.593 INFO   [6B146B\88E4FF] Auto-router pass #12 on board '5fdcf8f5d93e436a1e64cb978a11593c' was completed in 0.00 seconds with the score of 991.31 (1 unrouted), using 63.97 CPU seconds and the job allocated 55.02 GB of memory so far.
2026-07-29 16:48:56.433 INFO   [6B146B\88E4FF] Auto-router pass #13 on board '5fdcf8f5d93e436a1e64cb978a11593c' was completed in 0.81 seconds with the score of 991.30 (1 unrouted), using 64.92 CPU seconds and the job allocated 55.81 GB of memory so far.
2026-07-29 16:48:57.680 INFO   [6B146B\88E4FF] Auto-router pass #14 on board 'eff8e33e02165b992e9368c8e16f1280' was completed in 1.22 seconds with the score of 991.28 (1 unrouted), using 65.88 CPU seconds and the job allocated 56.82 GB of memory so far.
2026-07-29 16:48:58.425 INFO   [6B146B\88E4FF] Auto-router pass #15 on board '8b88cf32747adf43c12398b8ba731022' was completed in 0.71 seconds with the score of 992.71, using 66.83 CPU seconds and the job allocated 57.77 GB of memory so far.
2026-07-29 16:48:58.468 INFO   [6B146B\88E4FF] Auto-router pass #16 on board 'a90df40ef385bc3a252b3f2d2f8133c8' was completed in 0.01 seconds with the score of 992.71, using 66.83 CPU seconds and the job allocated 57.77 GB of memory so far.
2026-07-29 16:48:58.500 INFO   [6B146B\88E4FF] Auto-router session completed: started with 144 unrouted nets, completed in 1 minute 9.61 seconds, final score: 992.71, using 66.83 total CPU seconds, 57.77 GB total allocated, and 732.20 MB peak heap usage.
