2026-07-29 16:23:07.588 INFO   Freerouting v2.2.4 (build-date: 2026-05-13)
2026-07-29 16:23:07.653 WARN   freerouting.json at '/tmp/freerouting/freerouting.json' was written by an older version of Freerouting (file: 2.1.0, current: 2.2.4). No migration logic is implemented for this version transition, so some settings may have been reset to their defaults. The file will be re-saved with the updated version string.
2026-07-29 16:23:07.661 INFO   freerouting.json config version changed from '2.1.0' to '2.2.4' – re-saving configuration.
2026-07-29 16:23:07.669 WARN   Couldn't get screen resolution. If you are running in a headless environment, disable the GUI by setting gui.enabled to false.
2026-07-29 16:23:09.300 INFO   [91FC34\A763A2] Job '91FC34\A763A2' started at 2026-07-29T14:23:09.299815321Z.
2026-07-29 16:23:09.878 INFO   New version available: v2.2.4
2026-07-29 16:23:38.543 INFO   [91FC34\A763A2] Auto-router pass #1 on board 'cf5e9da117b57c7499d6a90997ae7132' was completed in 28.98 seconds with the score of 812.19 (70 unrouted), using 26.12 CPU seconds and the job allocated 12.37 GB of memory so far.
2026-07-29 16:24:07.817 INFO   [91FC34\A763A2] Auto-router pass #2 on board '98d0ca1039983fb5341c3da7bf6dc8f3' was completed in 29.22 seconds with the score of 898.07 (46 unrouted), using 53.56 CPU seconds and the job allocated 25.37 GB of memory so far.
2026-07-29 16:24:34.500 INFO   [91FC34\A763A2] Auto-router pass #3 on board '406979a3c95595553ab2c091ceb740d2' was completed in 26.63 seconds with the score of 948.18 (25 unrouted), using 78.81 CPU seconds and the job allocated 36.78 GB of memory so far.
2026-07-29 16:24:55.151 INFO   [91FC34\A763A2] Auto-router pass #4 on board '8d4fbddf6d4ae90239b0df5e7d52860f' was completed in 20.58 seconds with the score of 962.74 (18 unrouted), using 97.93 CPU seconds and the job allocated 45.55 GB of memory so far.
2026-07-29 16:25:14.822 INFO   [91FC34\A763A2] Auto-router pass #5 on board 'abb9c720e3e767c17dfe364bc205f19f' was completed in 19.61 seconds with the score of 973.88 (12 unrouted), using 117.34 CPU seconds and the job allocated 55.62 GB of memory so far.
2026-07-29 16:25:38.091 INFO   [91FC34\A763A2] Auto-router pass #6 on board 'f6af55c1d7f7fd7b9dab318f4d151a61' was completed in 23.20 seconds with the score of 980.49 (8 unrouted), using 139.36 CPU seconds and the job allocated 66.60 GB of memory so far.
2026-07-29 16:25:58.598 INFO   [91FC34\A763A2] Auto-router pass #7 on board 'd6f2389000d36fd4a01e6fceb37c103b' was completed in 20.44 seconds with the score of 978.74 (9 unrouted), using 159.17 CPU seconds and the job allocated 76.05 GB of memory so far.
2026-07-29 16:26:19.493 INFO   [91FC34\A763A2] Auto-router pass #8 on board 'd6f2389000d36fd4a01e6fceb37c103b' was completed in 0.00 seconds with the score of 980.49 (8 unrouted), using 178.38 CPU seconds and the job allocated 85.97 GB of memory so far.
2026-07-29 16:26:37.243 INFO   [91FC34\A763A2] Auto-router pass #9 on board 'd6f2389000d36fd4a01e6fceb37c103b' was completed in 17.70 seconds with the score of 978.77 (9 unrouted), using 195.37 CPU seconds and the job allocated 95.01 GB of memory so far.
2026-07-29 16:26:57.040 INFO   [91FC34\A763A2] Auto-router pass #10 on board '2d8a0d6948bc5132e5fa14787efa74cc' was completed in 19.72 seconds with the score of 978.84 (9 unrouted), using 214.53 CPU seconds and the job allocated 105.19 GB of memory so far.
2026-07-29 16:27:12.924 INFO   [91FC34\A763A2] Auto-router pass #11 on board '76b6729a4d8be2370614ae8571d43f37' was completed in 15.83 seconds with the score of 977.33 (10 unrouted), using 229.91 CPU seconds and the job allocated 113.34 GB of memory so far.
2026-07-29 16:27:31.885 INFO   [91FC34\A763A2] Auto-router pass #12 on board 'd6f2389000d36fd4a01e6fceb37c103b' was completed in 0.00 seconds with the score of 980.49 (8 unrouted), using 248.06 CPU seconds and the job allocated 123.09 GB of memory so far.
2026-07-29 16:27:49.217 INFO   [91FC34\A763A2] Auto-router pass #13 on board 'd6f2389000d36fd4a01e6fceb37c103b' was completed in 17.30 seconds with the score of 978.77 (9 unrouted), using 264.38 CPU seconds and the job allocated 132.28 GB of memory so far.
2026-07-29 16:28:08.065 INFO   [91FC34\A763A2] Auto-router pass #14 on board '6e3f95a6c1a873fea4a7a90c2f3e187d' was completed in 18.80 seconds with the score of 980.49 (8 unrouted), using 282.81 CPU seconds and the job allocated 142.80 GB of memory so far.
2026-07-29 16:28:22.706 INFO   [91FC34\A763A2] Auto-router pass #15 on board '5c89c378e15e5113fa07470ad51a78a0' was completed in 14.59 seconds with the score of 978.88 (9 unrouted), using 296.43 CPU seconds and the job allocated 150.35 GB of memory so far.
2026-07-29 16:28:42.172 INFO   [91FC34\A763A2] Auto-router pass #16 on board '2927cf1f86476153fc7dcc0f3abb27c8' was completed in 19.41 seconds with the score of 982.11 (7 unrouted), using 315.85 CPU seconds and the job allocated 161.47 GB of memory so far.
2026-07-29 16:28:57.732 INFO   [91FC34\A763A2] Auto-router pass #17 on board 'bed058d4b1a357b9a73ef17d81ce6511' was completed in 15.51 seconds with the score of 982.00 (7 unrouted), using 330.24 CPU seconds and the job allocated 169.39 GB of memory so far.
2026-07-29 16:29:11.669 INFO   [91FC34\A763A2] Auto-router pass #18 on board 'd59e5355264c7a13ca78e68a04f8dab3' was completed in 13.89 seconds with the score of 982.14 (7 unrouted), using 343.91 CPU seconds and the job allocated 177.30 GB of memory so far.
2026-07-29 16:29:26.361 INFO   [91FC34\A763A2] Auto-router pass #19 on board '3cf164e7aeb550f7b1ef36705d54b6d6' was completed in 14.64 seconds with the score of 982.11 (7 unrouted), using 358.59 CPU seconds and the job allocated 185.99 GB of memory so far.
2026-07-29 16:29:46.676 INFO   [91FC34\A763A2] Auto-router pass #20 on board '695ebc9260b10ec8e62041e6fca73c22' was completed in 20.27 seconds with the score of 985.26 (5 unrouted), using 377.54 CPU seconds and the job allocated 196.25 GB of memory so far.
2026-07-29 16:30:01.343 INFO   [91FC34\A763A2] Auto-router pass #21 on board 'e0f4c66d4f5e198aa2dc5ffc71237b1f' was completed in 14.62 seconds with the score of 985.29 (5 unrouted), using 392.02 CPU seconds and the job allocated 204.27 GB of memory so far.
2026-07-29 16:30:15.169 INFO   [91FC34\A763A2] Auto-router pass #22 on board '55c790f66f0bda5755d5f9404cf807b7' was completed in 13.78 seconds with the score of 985.29 (5 unrouted), using 405.68 CPU seconds and the job allocated 212.27 GB of memory so far.
2026-07-29 16:30:29.665 INFO   [91FC34\A763A2] Auto-router pass #23 on board '5c3efbc0bcbd3794753e4f7c8c4d8ce8' was completed in 14.45 seconds with the score of 985.29 (5 unrouted), using 419.25 CPU seconds and the job allocated 219.81 GB of memory so far.
2026-07-29 16:30:44.661 INFO   [91FC34\A763A2] Auto-router pass #24 on board 'd1694f67f35b9de22efbd44f4afdf79d' was completed in 14.94 seconds with the score of 985.29 (5 unrouted), using 433.67 CPU seconds and the job allocated 227.68 GB of memory so far.
2026-07-29 16:30:59.018 INFO   [91FC34\A763A2] Auto-router pass #25 on board '95a27ecbf7ea4b3a27ed5ef657b683ca' was completed in 14.30 seconds with the score of 985.29 (5 unrouted), using 448.12 CPU seconds and the job allocated 235.87 GB of memory so far.
2026-07-29 16:31:13.745 INFO   [91FC34\A763A2] Auto-router pass #26 on board '66e735b5e4244fbf4276f1a6814bfb10' was completed in 14.67 seconds with the score of 985.29 (5 unrouted), using 461.71 CPU seconds and the job allocated 243.31 GB of memory so far.
2026-07-29 16:31:27.679 INFO   [91FC34\A763A2] Auto-router pass #27 on board '35b832fcc1ef33144e205374a3493011' was completed in 13.88 seconds with the score of 985.29 (5 unrouted), using 475.33 CPU seconds and the job allocated 251.09 GB of memory so far.
2026-07-29 16:31:41.414 INFO   [91FC34\A763A2] Auto-router pass #28 on board '9ca5ac2c20dace6995852e8f3a23107a' was completed in 13.68 seconds with the score of 985.29 (5 unrouted), using 489.00 CPU seconds and the job allocated 259.12 GB of memory so far.
2026-07-29 16:31:55.008 INFO   [91FC34\A763A2] Auto-router pass #29 on board 'bfd91e60d7d4df4bba451eca36bfdf37' was completed in 13.54 seconds with the score of 985.29 (5 unrouted), using 502.64 CPU seconds and the job allocated 267.17 GB of memory so far.
2026-07-29 16:32:08.909 INFO   [91FC34\A763A2] Auto-router pass #30 on board '3620cc56d7ad19a709be131db74d1bc2' was completed in 13.85 seconds with the score of 985.29 (5 unrouted), using 516.29 CPU seconds and the job allocated 275.07 GB of memory so far.
2026-07-29 16:32:08.935 INFO   [91FC34\A763A2] The router's score (985.29) has not improved by more than 0.5 points in the last 10 passes (5 items still unconnected). Stopping the auto-router.
The following connections could not be routed -- please review your design (e.g. check pad clearances, trace width rules, and available routing space):
  Net '+5V' (2 unrouted connections):
    - U5-19  ->  C12-1
    - C10-1  ->  U4-19
  Net '+3V3' (3 unrouted connections):
    - C7-1  ->  U3-2
    - U4-2  ->  C9-1
    - U1-2  ->  U2-2
2026-07-29 16:32:08.972 INFO   [91FC34\A763A2] Auto-router session completed: started with 144 unrouted nets, completed in 8 minutes 59.56 seconds, final score: 985.29 (5 unrouted), using 516.29 total CPU seconds, 275.07 GB total allocated, and 969.78 MB peak heap usage.
