2026-07-29 17:20:31.324 INFO   Freerouting v2.2.4 (build-date: 2026-05-13)
2026-07-29 17:20:31.350 WARN   Couldn't get screen resolution. If you are running in a headless environment, disable the GUI by setting gui.enabled to false.
2026-07-29 17:20:32.621 INFO   [B97811\CD5DB1] Job 'B97811\CD5DB1' started at 2026-07-29T15:20:32.620772466Z.
2026-07-29 17:20:32.845 INFO   New version available: v2.2.4
2026-07-29 17:20:43.602 INFO   [B97811\CD5DB1] Auto-router pass #1 on board 'c3e5a2744ef2ad555f227acab6d8be73' was completed in 10.88 seconds with the score of 874.49 (52 unrouted), using 9.68 CPU seconds and the job allocated 13.05 GB of memory so far.
2026-07-29 17:20:50.299 INFO   [B97811\CD5DB1] Auto-router pass #2 on board '2caf91fe2b549cd84dd8512ed1f289fa' was completed in 6.67 seconds with the score of 936.02 (30 unrouted), using 16.52 CPU seconds and the job allocated 22.33 GB of memory so far.
2026-07-29 17:20:55.541 INFO   [B97811\CD5DB1] Auto-router pass #3 on board '9c72bc2752041e030fcc545031801e49' was completed in 5.21 seconds with the score of 960.67 (19 unrouted), using 21.41 CPU seconds and the job allocated 28.43 GB of memory so far.
2026-07-29 17:20:59.680 INFO   [B97811\CD5DB1] Auto-router pass #4 on board 'cd7bad75abc8172a3a2276ffecdfea6a' was completed in 4.11 seconds with the score of 971.88 (13 unrouted), using 26.28 CPU seconds and the job allocated 34.86 GB of memory so far.
2026-07-29 17:21:04.348 INFO   [B97811\CD5DB1] Auto-router pass #5 on board '8ed28e1a1e8788f95fec96a0d19a0a30' was completed in 4.64 seconds with the score of 977.17 (10 unrouted), using 30.16 CPU seconds and the job allocated 40.32 GB of memory so far.
2026-07-29 17:21:08.943 INFO   [B97811\CD5DB1] Auto-router pass #6 on board '11a79e36a70982c80c7543e94da02b0d' was completed in 4.57 seconds with the score of 982.16 (7 unrouted), using 35.01 CPU seconds and the job allocated 47.13 GB of memory so far.
2026-07-29 17:21:11.951 INFO   [B97811\CD5DB1] Auto-router pass #7 on board '4ac8ac518f64568ebddaac208e253187' was completed in 2.98 seconds with the score of 983.74 (6 unrouted), using 37.94 CPU seconds and the job allocated 51.13 GB of memory so far.
2026-07-29 17:21:15.660 INFO   [B97811\CD5DB1] Auto-router pass #8 on board 'fc342b5022edc146d6b300830d2a990a' was completed in 3.68 seconds with the score of 985.34 (5 unrouted), using 41.82 CPU seconds and the job allocated 56.44 GB of memory so far.
2026-07-29 17:21:17.800 INFO   [B97811\CD5DB1] Auto-router pass #9 on board '2f75ed84a25ddf60b0d026f19c10d4cf' was completed in 2.11 seconds with the score of 986.82 (4 unrouted), using 43.76 CPU seconds and the job allocated 59.00 GB of memory so far.
2026-07-29 17:21:19.933 INFO   [B97811\CD5DB1] Auto-router pass #10 on board '8c2e8139944ab44f23f5a482e9c1f45a' was completed in 2.10 seconds with the score of 986.83 (4 unrouted), using 45.70 CPU seconds and the job allocated 61.49 GB of memory so far.
2026-07-29 17:21:24.001 INFO   [B97811\CD5DB1] Auto-router pass #11 on board '348daadc42dacaacedbb8b0c19ba1c78' was completed in 4.04 seconds with the score of 988.33 (3 unrouted), using 49.59 CPU seconds and the job allocated 66.60 GB of memory so far.
2026-07-29 17:21:25.529 INFO   [B97811\CD5DB1] Auto-router pass #12 on board '7d6b0534b5604b5f56fb65707595f056' was completed in 1.50 seconds with the score of 989.76 (2 unrouted), using 50.56 CPU seconds and the job allocated 67.79 GB of memory so far.
2026-07-29 17:21:27.196 INFO   [B97811\CD5DB1] Auto-router pass #13 on board 'b87f30090832142000873b14d598c995' was completed in 1.63 seconds with the score of 989.75 (2 unrouted), using 52.49 CPU seconds and the job allocated 70.24 GB of memory so far.
2026-07-29 17:21:27.738 INFO   [B97811\CD5DB1] Auto-router pass #14 on board '8a8eb388178f6d4a40a10bef6ea7f9c7' was completed in 0.51 seconds with the score of 988.32 (3 unrouted), using 53.45 CPU seconds and the job allocated 71.30 GB of memory so far.
2026-07-29 17:21:30.739 INFO   [B97811\CD5DB1] Auto-router pass #15 on board '2cc0906645a66d3f2486f50b3e1ccc91' was completed in 2.97 seconds with the score of 989.74 (2 unrouted), using 56.38 CPU seconds and the job allocated 75.03 GB of memory so far.
2026-07-29 17:21:31.971 INFO   [B97811\CD5DB1] Auto-router pass #16 on board 'b87f30090832142000873b14d598c995' was completed in 0.00 seconds with the score of 989.76 (2 unrouted), using 57.36 CPU seconds and the job allocated 76.33 GB of memory so far.
2026-07-29 17:21:33.763 INFO   [B97811\CD5DB1] Auto-router pass #17 on board 'b87f30090832142000873b14d598c995' was completed in 1.77 seconds with the score of 989.75 (2 unrouted), using 59.27 CPU seconds and the job allocated 78.95 GB of memory so far.
2026-07-29 17:21:34.219 INFO   [B97811\CD5DB1] Auto-router pass #18 on board '2529e95d478243a0f2d6cd7f500c2888' was completed in 0.43 seconds with the score of 989.82 (2 unrouted), using 59.27 CPU seconds and the job allocated 78.95 GB of memory so far.
2026-07-29 17:21:36.638 INFO   [B97811\CD5DB1] Auto-router pass #19 on board 'e3f5246a1c3974e689dcad74cfc8cbfa' was completed in 2.39 seconds with the score of 988.34 (3 unrouted), using 61.22 CPU seconds and the job allocated 81.60 GB of memory so far.
2026-07-29 17:21:38.534 INFO   [B97811\CD5DB1] Auto-router pass #20 on board 'b968079575153bd1cc764f1af0fd9e02' was completed in 1.87 seconds with the score of 991.15 (1 unrouted), using 63.16 CPU seconds and the job allocated 84.32 GB of memory so far.
2026-07-29 17:21:38.875 INFO   [B97811\CD5DB1] Auto-router pass #21 on board '089148c86d141727c1744528135edc12' was completed in 0.31 seconds with the score of 992.58, using 64.14 CPU seconds and the job allocated 85.67 GB of memory so far.
2026-07-29 17:21:38.912 INFO   [B97811\CD5DB1] Auto-router pass #22 on board '0d1da3cc98279f20763fcfb9d4f657e8' was completed in 0.01 seconds with the score of 992.58, using 64.14 CPU seconds and the job allocated 85.67 GB of memory so far.
2026-07-29 17:21:38.938 INFO   [B97811\CD5DB1] Auto-router session completed: started with 144 unrouted nets, completed in 1 minute 6.27 seconds, final score: 992.58, using 64.14 total CPU seconds, 85.67 GB total allocated, and 704.70 MB peak heap usage.
