./libs/kimath/src/geometry/shape_poly_set.cpp(558): assert ""aOutline.IsClosed()"" failed in AddOutline(): Warning: non-closed outline added to SHAPE_POLY_SET
2026-07-29 17:05:27.193 INFO   Freerouting v2.1.0 (build-date: 2025-04-12)
2026-07-29 17:05:27.229 WARN   No default constructor found for field: currentLocale
2026-07-29 17:05:27.230 INFO   Settings were loaded from freerouting.json
2026-07-29 17:05:27.232 WARN   Couldn't get screen resolution. If you are running in a headless environment, disable the GUI by setting gui.enabled to false.
2026-07-29 17:05:28.601 INFO   [9771B7\7987E4] Job '9771B7\7987E4' started at 2026-07-29T15:05:28.601070725Z
2026-07-29 17:05:29.522 INFO   New version available: v2.2.4
2026-07-29 17:05:35.181 INFO   [9771B7\7987E4] Auto-router pass #1 on board 'be789bc854e5d704361f26a24c1b8b98' was completed in 6,39 seconds with the score of 920,63 (33 unrouted), using 20,26 CPU seconds and 5418 MB memory.
2026-07-29 17:05:36.825 INFO   [9771B7\7987E4] Auto-router pass #2 on board '4080365ac5212282cf1325d1958a5e72' was completed in 1,61 seconds with the score of 955,00 (13 unrouted), using 34,85 CPU seconds and 7465 MB memory.
2026-07-29 17:05:37.529 INFO   [9771B7\7987E4] Auto-router pass #3 on board '5065c0ff2688bb0b343f3a29be922fe9' was completed in 0,67 seconds with the score of 955,00 (13 unrouted), using 34,85 CPU seconds and 7465 MB memory.
2026-07-29 17:05:41.672 INFO   [9771B7\7987E4] Auto-router pass #4 on board '5065c0ff2688bb0b343f3a29be922fe9' was completed in 4,13 seconds with the score of 957,84 (11 unrouted), using 88,30 CPU seconds and 13296 MB memory.
2026-07-29 17:05:42.300 INFO   [9771B7\7987E4] Auto-router pass #5 on board 'ff1e1269e00029be95f3fe183d06a493' was completed in 0,60 seconds with the score of 957,84 (11 unrouted), using 88,30 CPU seconds and 13296 MB memory.
2026-07-29 17:05:42.912 INFO   [9771B7\7987E4] Auto-router pass #6 on board 'ff1e1269e00029be95f3fe183d06a493' was completed in 0,60 seconds with the score of 957,84 (11 unrouted), using 101,90 CPU seconds and 14321 MB memory.
2026-07-29 17:05:43.522 INFO   [9771B7\7987E4] Auto-router pass #7 on board 'ff1e1269e00029be95f3fe183d06a493' was completed in 0,60 seconds with the score of 957,84 (11 unrouted), using 101,90 CPU seconds and 14321 MB memory.
2026-07-29 17:05:44.185 INFO   [9771B7\7987E4] Auto-router pass #8 on board 'ff1e1269e00029be95f3fe183d06a493' was completed in 0,65 seconds with the score of 957,84 (11 unrouted), using 116,48 CPU seconds and 15369 MB memory.
2026-07-29 17:05:44.792 INFO   [9771B7\7987E4] Auto-router pass #9 on board 'ff1e1269e00029be95f3fe183d06a493' was completed in 0,60 seconds with the score of 957,84 (11 unrouted), using 132,06 CPU seconds and 16432 MB memory.
2026-07-29 17:05:45.375 INFO   [9771B7\7987E4] Auto-router pass #10 on board 'ff1e1269e00029be95f3fe183d06a493' was completed in 0,57 seconds with the score of 957,84 (11 unrouted), using 132,06 CPU seconds and 16432 MB memory.
2026-07-29 17:05:45.961 INFO   [9771B7\7987E4] Auto-router pass #11 on board 'ff1e1269e00029be95f3fe183d06a493' was completed in 0,58 seconds with the score of 957,84 (11 unrouted), using 148,62 CPU seconds and 17501 MB memory.
2026-07-29 17:05:46.571 INFO   [9771B7\7987E4] Auto-router pass #12 on board 'ff1e1269e00029be95f3fe183d06a493' was completed in 0,60 seconds with the score of 957,84 (11 unrouted), using 148,62 CPU seconds and 17501 MB memory.
2026-07-29 17:05:47.154 INFO   [9771B7\7987E4] Auto-router pass #13 on board 'ff1e1269e00029be95f3fe183d06a493' was completed in 0,57 seconds with the score of 957,84 (11 unrouted), using 166,17 CPU seconds and 18546 MB memory.
2026-07-29 17:05:47.744 INFO   [9771B7\7987E4] Auto-router pass #14 on board 'ff1e1269e00029be95f3fe183d06a493' was completed in 0,58 seconds with the score of 957,84 (11 unrouted), using 184,71 CPU seconds and 19617 MB memory.
2026-07-29 17:05:48.352 INFO   [9771B7\7987E4] Auto-router pass #15 on board 'ff1e1269e00029be95f3fe183d06a493' was completed in 0,60 seconds with the score of 957,84 (11 unrouted), using 184,71 CPU seconds and 19617 MB memory.
2026-07-29 17:05:48.981 INFO   [9771B7\7987E4] Auto-router pass #16 on board 'ff1e1269e00029be95f3fe183d06a493' was completed in 0,62 seconds with the score of 957,84 (11 unrouted), using 204,23 CPU seconds and 20648 MB memory.
2026-07-29 17:05:49.588 INFO   [9771B7\7987E4] Auto-router pass #17 on board 'ff1e1269e00029be95f3fe183d06a493' was completed in 0,60 seconds with the score of 957,84 (11 unrouted), using 204,23 CPU seconds and 20648 MB memory.
2026-07-29 17:05:50.195 INFO   [9771B7\7987E4] Auto-router pass #18 on board 'ff1e1269e00029be95f3fe183d06a493' was completed in 0,60 seconds with the score of 957,84 (11 unrouted), using 224,75 CPU seconds and 21677 MB memory.
2026-07-29 17:05:50.814 INFO   [9771B7\7987E4] Auto-router pass #19 on board 'ff1e1269e00029be95f3fe183d06a493' was completed in 0,61 seconds with the score of 957,84 (11 unrouted), using 246,26 CPU seconds and 22707 MB memory.
2026-07-29 17:05:51.456 INFO   [9771B7\7987E4] Auto-router pass #20 on board 'ff1e1269e00029be95f3fe183d06a493' was completed in 0,63 seconds with the score of 957,84 (11 unrouted), using 246,26 CPU seconds and 22707 MB memory.
2026-07-29 17:05:52.101 INFO   [9771B7\7987E4] Auto-router pass #21 on board 'ff1e1269e00029be95f3fe183d06a493' was completed in 0,63 seconds with the score of 957,84 (11 unrouted), using 268,75 CPU seconds and 23680 MB memory.
2026-07-29 17:05:52.712 INFO   [9771B7\7987E4] Auto-router pass #22 on board 'ff1e1269e00029be95f3fe183d06a493' was completed in 0,60 seconds with the score of 957,84 (11 unrouted), using 292,23 CPU seconds and 24674 MB memory.
2026-07-29 17:05:53.325 INFO   [9771B7\7987E4] Auto-router pass #23 on board 'ff1e1269e00029be95f3fe183d06a493' was completed in 0,60 seconds with the score of 957,84 (11 unrouted), using 292,23 CPU seconds and 24674 MB memory.
2026-07-29 17:05:53.963 INFO   [9771B7\7987E4] Auto-router pass #24 on board 'ff1e1269e00029be95f3fe183d06a493' was completed in 0,63 seconds with the score of 957,84 (11 unrouted), using 316,70 CPU seconds and 25692 MB memory.
2026-07-29 17:05:54.578 INFO   [9771B7\7987E4] Auto-router pass #25 on board 'ff1e1269e00029be95f3fe183d06a493' was completed in 0,60 seconds with the score of 957,84 (11 unrouted), using 316,70 CPU seconds and 25692 MB memory.
2026-07-29 17:05:55.199 INFO   [9771B7\7987E4] Auto-router pass #26 on board 'ff1e1269e00029be95f3fe183d06a493' was completed in 0,61 seconds with the score of 957,84 (11 unrouted), using 342,16 CPU seconds and 26688 MB memory.
2026-07-29 17:05:55.810 INFO   [9771B7\7987E4] Auto-router pass #27 on board 'ff1e1269e00029be95f3fe183d06a493' was completed in 0,60 seconds with the score of 957,84 (11 unrouted), using 368,61 CPU seconds and 27697 MB memory.
2026-07-29 17:05:56.435 INFO   [9771B7\7987E4] Auto-router pass #28 on board 'ff1e1269e00029be95f3fe183d06a493' was completed in 0,61 seconds with the score of 957,84 (11 unrouted), using 368,61 CPU seconds and 27697 MB memory.
2026-07-29 17:05:57.057 INFO   [9771B7\7987E4] Auto-router pass #29 on board 'ff1e1269e00029be95f3fe183d06a493' was completed in 0,61 seconds with the score of 957,84 (11 unrouted), using 396,05 CPU seconds and 28702 MB memory.
2026-07-29 17:05:57.683 INFO   [9771B7\7987E4] Auto-router pass #30 on board 'ff1e1269e00029be95f3fe183d06a493' was completed in 0,61 seconds with the score of 957,84 (11 unrouted), using 424,47 CPU seconds and 29703 MB memory.
2026-07-29 17:05:58.257 INFO   [9771B7\7987E4] Auto-router pass #31 on board 'ff1e1269e00029be95f3fe183d06a493' was completed in 0,56 seconds with the score of 957,84 (11 unrouted), using 424,47 CPU seconds and 29703 MB memory.
2026-07-29 17:05:58.854 INFO   [9771B7\7987E4] Auto-router pass #32 on board 'ff1e1269e00029be95f3fe183d06a493' was completed in 0,59 seconds with the score of 957,84 (11 unrouted), using 453,89 CPU seconds and 30777 MB memory.
2026-07-29 17:05:59.474 INFO   [9771B7\7987E4] Auto-router pass #33 on board 'ff1e1269e00029be95f3fe183d06a493' was completed in 0,61 seconds with the score of 957,84 (11 unrouted), using 453,89 CPU seconds and 30777 MB memory.
2026-07-29 17:06:00.098 INFO   [9771B7\7987E4] Auto-router pass #34 on board 'ff1e1269e00029be95f3fe183d06a493' was completed in 0,61 seconds with the score of 957,84 (11 unrouted), using 484,29 CPU seconds and 31792 MB memory.
2026-07-29 17:06:00.728 INFO   [9771B7\7987E4] Auto-router pass #35 on board 'ff1e1269e00029be95f3fe183d06a493' was completed in 0,62 seconds with the score of 957,84 (11 unrouted), using 515,68 CPU seconds and 32795 MB memory.
2026-07-29 17:06:01.359 INFO   [9771B7\7987E4] Auto-router pass #36 on board 'ff1e1269e00029be95f3fe183d06a493' was completed in 0,62 seconds with the score of 957,84 (11 unrouted), using 515,68 CPU seconds and 32795 MB memory.
2026-07-29 17:06:01.947 INFO   [9771B7\7987E4] Auto-router pass #37 on board 'ff1e1269e00029be95f3fe183d06a493' was completed in 0,58 seconds with the score of 957,84 (11 unrouted), using 548,07 CPU seconds and 33803 MB memory.
2026-07-29 17:06:02.534 INFO   [9771B7\7987E4] Auto-router pass #38 on board 'ff1e1269e00029be95f3fe183d06a493' was completed in 0,58 seconds with the score of 957,84 (11 unrouted), using 548,07 CPU seconds and 33803 MB memory.
2026-07-29 17:06:03.142 INFO   [9771B7\7987E4] Auto-router pass #39 on board 'ff1e1269e00029be95f3fe183d06a493' was completed in 0,60 seconds with the score of 957,84 (11 unrouted), using 581,44 CPU seconds and 34859 MB memory.
2026-07-29 17:06:03.769 INFO   [9771B7\7987E4] Auto-router pass #40 on board 'ff1e1269e00029be95f3fe183d06a493' was completed in 0,62 seconds with the score of 957,84 (11 unrouted), using 615,80 CPU seconds and 35872 MB memory.
2026-07-29 17:06:04.390 INFO   [9771B7\7987E4] Auto-router pass #41 on board 'ff1e1269e00029be95f3fe183d06a493' was completed in 0,61 seconds with the score of 957,84 (11 unrouted), using 615,80 CPU seconds and 35872 MB memory.
2026-07-29 17:06:04.998 INFO   [9771B7\7987E4] Auto-router pass #42 on board 'ff1e1269e00029be95f3fe183d06a493' was completed in 0,60 seconds with the score of 957,84 (11 unrouted), using 651,15 CPU seconds and 36884 MB memory.
2026-07-29 17:06:05.597 INFO   [9771B7\7987E4] Auto-router pass #43 on board 'ff1e1269e00029be95f3fe183d06a493' was completed in 0,59 seconds with the score of 957,84 (11 unrouted), using 651,15 CPU seconds and 36884 MB memory.
2026-07-29 17:06:06.241 INFO   [9771B7\7987E4] Auto-router pass #44 on board 'ff1e1269e00029be95f3fe183d06a493' was completed in 0,63 seconds with the score of 957,84 (11 unrouted), using 687,48 CPU seconds and 37911 MB memory.
2026-07-29 17:06:06.854 INFO   [9771B7\7987E4] Auto-router pass #45 on board 'ff1e1269e00029be95f3fe183d06a493' was completed in 0,60 seconds with the score of 957,84 (11 unrouted), using 724,81 CPU seconds and 38913 MB memory.
2026-07-29 17:06:07.445 INFO   [9771B7\7987E4] Auto-router pass #46 on board 'ff1e1269e00029be95f3fe183d06a493' was completed in 0,58 seconds with the score of 957,84 (11 unrouted), using 724,81 CPU seconds and 38913 MB memory.
2026-07-29 17:06:08.071 INFO   [9771B7\7987E4] Auto-router pass #47 on board 'ff1e1269e00029be95f3fe183d06a493' was completed in 0,62 seconds with the score of 957,84 (11 unrouted), using 763,12 CPU seconds and 39951 MB memory.
2026-07-29 17:06:08.707 INFO   [9771B7\7987E4] Auto-router pass #48 on board 'ff1e1269e00029be95f3fe183d06a493' was completed in 0,62 seconds with the score of 957,84 (11 unrouted), using 802,42 CPU seconds and 40950 MB memory.
2026-07-29 17:06:09.334 INFO   [9771B7\7987E4] Auto-router pass #49 on board 'ff1e1269e00029be95f3fe183d06a493' was completed in 0,62 seconds with the score of 957,84 (11 unrouted), using 802,42 CPU seconds and 40950 MB memory.
2026-07-29 17:06:09.952 INFO   [9771B7\7987E4] Auto-router pass #50 on board 'ff1e1269e00029be95f3fe183d06a493' was completed in 0,61 seconds with the score of 957,84 (11 unrouted), using 842,71 CPU seconds and 41932 MB memory.
2026-07-29 17:06:10.534 INFO   [9771B7\7987E4] Auto-router pass #51 on board 'ff1e1269e00029be95f3fe183d06a493' was completed in 0,57 seconds with the score of 957,84 (11 unrouted), using 842,71 CPU seconds and 41932 MB memory.
2026-07-29 17:06:11.173 INFO   [9771B7\7987E4] Auto-router pass #52 on board 'ff1e1269e00029be95f3fe183d06a493' was completed in 0,63 seconds with the score of 957,84 (11 unrouted), using 883,99 CPU seconds and 42974 MB memory.
2026-07-29 17:06:11.842 INFO   [9771B7\7987E4] Auto-router pass #53 on board 'ff1e1269e00029be95f3fe183d06a493' was completed in 0,66 seconds with the score of 957,84 (11 unrouted), using 926,26 CPU seconds and 43939 MB memory.
2026-07-29 17:06:12.472 INFO   [9771B7\7987E4] Auto-router pass #54 on board 'ff1e1269e00029be95f3fe183d06a493' was completed in 0,62 seconds with the score of 957,84 (11 unrouted), using 926,26 CPU seconds and 43939 MB memory.
2026-07-29 17:06:13.067 INFO   [9771B7\7987E4] Auto-router pass #55 on board 'ff1e1269e00029be95f3fe183d06a493' was completed in 0,58 seconds with the score of 957,84 (11 unrouted), using 969,52 CPU seconds and 44898 MB memory.
2026-07-29 17:06:13.710 INFO   [9771B7\7987E4] Auto-router pass #56 on board 'ff1e1269e00029be95f3fe183d06a493' was completed in 0,63 seconds with the score of 957,84 (11 unrouted), using 1013,76 CPU seconds and 45913 MB memory.
2026-07-29 17:06:14.408 INFO   [9771B7\7987E4] Auto-router pass #57 on board 'ff1e1269e00029be95f3fe183d06a493' was completed in 0,69 seconds with the score of 957,84 (11 unrouted), using 1013,76 CPU seconds and 45913 MB memory.
2026-07-29 17:06:15.051 INFO   [9771B7\7987E4] Auto-router pass #58 on board 'ff1e1269e00029be95f3fe183d06a493' was completed in 0,63 seconds with the score of 957,84 (11 unrouted), using 1059,00 CPU seconds and 46804 MB memory.
2026-07-29 17:06:15.687 INFO   [9771B7\7987E4] Auto-router pass #59 on board 'ff1e1269e00029be95f3fe183d06a493' was completed in 0,63 seconds with the score of 957,84 (11 unrouted), using 1105,23 CPU seconds and 47782 MB memory.
2026-07-29 17:06:16.332 INFO   [9771B7\7987E4] Auto-router pass #60 on board 'ff1e1269e00029be95f3fe183d06a493' was completed in 0,63 seconds with the score of 957,84 (11 unrouted), using 1105,23 CPU seconds and 47782 MB memory.
2026-07-29 17:06:16.946 INFO   [9771B7\7987E4] Auto-router pass #61 on board 'ff1e1269e00029be95f3fe183d06a493' was completed in 0,60 seconds with the score of 957,84 (11 unrouted), using 1152,45 CPU seconds and 48753 MB memory.
2026-07-29 17:06:17.577 INFO   [9771B7\7987E4] Auto-router pass #62 on board 'ff1e1269e00029be95f3fe183d06a493' was completed in 0,62 seconds with the score of 957,84 (11 unrouted), using 1152,45 CPU seconds and 48753 MB memory.
2026-07-29 17:06:18.207 INFO   [9771B7\7987E4] Auto-router pass #63 on board 'ff1e1269e00029be95f3fe183d06a493' was completed in 0,62 seconds with the score of 957,84 (11 unrouted), using 1200,65 CPU seconds and 49745 MB memory.
2026-07-29 17:06:18.817 INFO   [9771B7\7987E4] Auto-router pass #64 on board 'ff1e1269e00029be95f3fe183d06a493' was completed in 0,60 seconds with the score of 957,84 (11 unrouted), using 1249,85 CPU seconds and 50749 MB memory.
2026-07-29 17:06:19.418 INFO   [9771B7\7987E4] Auto-router pass #65 on board 'ff1e1269e00029be95f3fe183d06a493' was completed in 0,59 seconds with the score of 957,84 (11 unrouted), using 1249,85 CPU seconds and 50749 MB memory.
2026-07-29 17:06:20.009 INFO   [9771B7\7987E4] Auto-router pass #66 on board 'ff1e1269e00029be95f3fe183d06a493' was completed in 0,58 seconds with the score of 957,84 (11 unrouted), using 1300,03 CPU seconds and 51782 MB memory.
2026-07-29 17:06:20.651 INFO   [9771B7\7987E4] Auto-router pass #67 on board 'ff1e1269e00029be95f3fe183d06a493' was completed in 0,63 seconds with the score of 957,84 (11 unrouted), using 1351,21 CPU seconds and 52767 MB memory.
2026-07-29 17:06:21.344 INFO   [9771B7\7987E4] Auto-router pass #68 on board 'ff1e1269e00029be95f3fe183d06a493' was completed in 0,68 seconds with the score of 957,84 (11 unrouted), using 1351,21 CPU seconds and 52767 MB memory.
2026-07-29 17:06:22.010 INFO   [9771B7\7987E4] Auto-router pass #69 on board 'ff1e1269e00029be95f3fe183d06a493' was completed in 0,66 seconds with the score of 957,84 (11 unrouted), using 1403,37 CPU seconds and 53674 MB memory.
2026-07-29 17:06:22.639 INFO   [9771B7\7987E4] Auto-router pass #70 on board 'ff1e1269e00029be95f3fe183d06a493' was completed in 0,62 seconds with the score of 957,84 (11 unrouted), using 1456,52 CPU seconds and 54645 MB memory.
2026-07-29 17:06:23.269 INFO   [9771B7\7987E4] Auto-router pass #71 on board 'ff1e1269e00029be95f3fe183d06a493' was completed in 0,62 seconds with the score of 957,84 (11 unrouted), using 1456,52 CPU seconds and 54645 MB memory.
2026-07-29 17:06:23.934 INFO   [9771B7\7987E4] Auto-router pass #72 on board 'ff1e1269e00029be95f3fe183d06a493' was completed in 0,65 seconds with the score of 957,84 (11 unrouted), using 1510,66 CPU seconds and 55594 MB memory.
2026-07-29 17:06:24.524 INFO   [9771B7\7987E4] Auto-router pass #73 on board 'ff1e1269e00029be95f3fe183d06a493' was completed in 0,58 seconds with the score of 957,84 (11 unrouted), using 1510,66 CPU seconds and 55594 MB memory.
2026-07-29 17:06:25.140 INFO   [9771B7\7987E4] Auto-router pass #74 on board 'ff1e1269e00029be95f3fe183d06a493' was completed in 0,61 seconds with the score of 957,84 (11 unrouted), using 1565,79 CPU seconds and 56618 MB memory.
2026-07-29 17:06:25.756 INFO   [9771B7\7987E4] Auto-router pass #75 on board 'ff1e1269e00029be95f3fe183d06a493' was completed in 0,60 seconds with the score of 957,84 (11 unrouted), using 1621,91 CPU seconds and 57614 MB memory.
2026-07-29 17:06:26.372 INFO   [9771B7\7987E4] Auto-router pass #76 on board 'ff1e1269e00029be95f3fe183d06a493' was completed in 0,61 seconds with the score of 957,84 (11 unrouted), using 1621,91 CPU seconds and 57614 MB memory.
2026-07-29 17:06:26.989 INFO   [9771B7\7987E4] Auto-router pass #77 on board 'ff1e1269e00029be95f3fe183d06a493' was completed in 0,61 seconds with the score of 957,84 (11 unrouted), using 1679,02 CPU seconds and 58646 MB memory.
2026-07-29 17:06:27.654 INFO   [9771B7\7987E4] Auto-router pass #78 on board 'ff1e1269e00029be95f3fe183d06a493' was completed in 0,65 seconds with the score of 957,84 (11 unrouted), using 1737,11 CPU seconds and 59585 MB memory.
2026-07-29 17:06:28.282 INFO   [9771B7\7987E4] Auto-router pass #79 on board 'ff1e1269e00029be95f3fe183d06a493' was completed in 0,62 seconds with the score of 957,84 (11 unrouted), using 1737,11 CPU seconds and 59585 MB memory.
2026-07-29 17:06:28.919 INFO   [9771B7\7987E4] Auto-router pass #80 on board 'ff1e1269e00029be95f3fe183d06a493' was completed in 0,63 seconds with the score of 957,84 (11 unrouted), using 1796,20 CPU seconds and 60572 MB memory.
2026-07-29 17:06:29.517 INFO   [9771B7\7987E4] Auto-router pass #81 on board 'ff1e1269e00029be95f3fe183d06a493' was completed in 0,59 seconds with the score of 957,84 (11 unrouted), using 1796,20 CPU seconds and 60572 MB memory.
2026-07-29 17:06:30.193 INFO   [9771B7\7987E4] Auto-router pass #82 on board 'ff1e1269e00029be95f3fe183d06a493' was completed in 0,67 seconds with the score of 957,84 (11 unrouted), using 1856,28 CPU seconds and 61591 MB memory.
2026-07-29 17:06:30.825 INFO   [9771B7\7987E4] Auto-router pass #83 on board 'ff1e1269e00029be95f3fe183d06a493' was completed in 0,62 seconds with the score of 957,84 (11 unrouted), using 1917,35 CPU seconds and 62499 MB memory.
2026-07-29 17:06:31.462 INFO   [9771B7\7987E4] Auto-router pass #84 on board 'ff1e1269e00029be95f3fe183d06a493' was completed in 0,63 seconds with the score of 957,84 (11 unrouted), using 1917,35 CPU seconds and 62499 MB memory.
2026-07-29 17:06:32.115 INFO   [9771B7\7987E4] Auto-router pass #85 on board 'ff1e1269e00029be95f3fe183d06a493' was completed in 0,64 seconds with the score of 957,84 (11 unrouted), using 1979,41 CPU seconds and 63485 MB memory.
2026-07-29 17:06:32.751 INFO   [9771B7\7987E4] Auto-router pass #86 on board 'ff1e1269e00029be95f3fe183d06a493' was completed in 0,62 seconds with the score of 957,84 (11 unrouted), using 2042,45 CPU seconds and 64450 MB memory.
2026-07-29 17:06:33.426 INFO   [9771B7\7987E4] Auto-router pass #87 on board 'ff1e1269e00029be95f3fe183d06a493' was completed in 0,67 seconds with the score of 957,84 (11 unrouted), using 2042,45 CPU seconds and 64450 MB memory.
2026-07-29 17:06:34.074 INFO   [9771B7\7987E4] Auto-router pass #88 on board 'ff1e1269e00029be95f3fe183d06a493' was completed in 0,64 seconds with the score of 957,84 (11 unrouted), using 2106,47 CPU seconds and 65378 MB memory.
2026-07-29 17:06:34.739 INFO   [9771B7\7987E4] Auto-router pass #89 on board 'ff1e1269e00029be95f3fe183d06a493' was completed in 0,66 seconds with the score of 957,84 (11 unrouted), using 2171,48 CPU seconds and 66323 MB memory.
2026-07-29 17:06:35.368 INFO   [9771B7\7987E4] Auto-router pass #90 on board 'ff1e1269e00029be95f3fe183d06a493' was completed in 0,62 seconds with the score of 957,84 (11 unrouted), using 2171,48 CPU seconds and 66323 MB memory.
2026-07-29 17:06:35.973 INFO   [9771B7\7987E4] Auto-router pass #91 on board 'ff1e1269e00029be95f3fe183d06a493' was completed in 0,59 seconds with the score of 957,84 (11 unrouted), using 2237,48 CPU seconds and 67297 MB memory.
2026-07-29 17:06:36.579 INFO   [9771B7\7987E4] Auto-router pass #92 on board 'ff1e1269e00029be95f3fe183d06a493' was completed in 0,60 seconds with the score of 957,84 (11 unrouted), using 2237,48 CPU seconds and 67297 MB memory.
2026-07-29 17:06:37.174 INFO   [9771B7\7987E4] Auto-router pass #93 on board 'ff1e1269e00029be95f3fe183d06a493' was completed in 0,58 seconds with the score of 957,84 (11 unrouted), using 2304,48 CPU seconds and 68341 MB memory.
2026-07-29 17:06:37.762 INFO   [9771B7\7987E4] Auto-router pass #94 on board 'ff1e1269e00029be95f3fe183d06a493' was completed in 0,58 seconds with the score of 957,84 (11 unrouted), using 2372,46 CPU seconds and 69389 MB memory.
2026-07-29 17:06:38.348 INFO   [9771B7\7987E4] Auto-router pass #95 on board 'ff1e1269e00029be95f3fe183d06a493' was completed in 0,58 seconds with the score of 957,84 (11 unrouted), using 2372,46 CPU seconds and 69389 MB memory.
2026-07-29 17:06:38.955 INFO   [9771B7\7987E4] Auto-router pass #96 on board 'ff1e1269e00029be95f3fe183d06a493' was completed in 0,60 seconds with the score of 957,84 (11 unrouted), using 2441,43 CPU seconds and 70434 MB memory.
2026-07-29 17:06:39.548 INFO   [9771B7\7987E4] Auto-router pass #97 on board 'ff1e1269e00029be95f3fe183d06a493' was completed in 0,58 seconds with the score of 957,84 (11 unrouted), using 2441,43 CPU seconds and 70434 MB memory.
2026-07-29 17:06:40.176 INFO   [9771B7\7987E4] Auto-router pass #98 on board 'ff1e1269e00029be95f3fe183d06a493' was completed in 0,62 seconds with the score of 957,84 (11 unrouted), using 2511,40 CPU seconds and 71464 MB memory.
2026-07-29 17:06:40.802 INFO   [9771B7\7987E4] Auto-router pass #99 on board 'ff1e1269e00029be95f3fe183d06a493' was completed in 0,62 seconds with the score of 957,84 (11 unrouted), using 2582,35 CPU seconds and 72451 MB memory.
2026-07-29 17:06:41.436 INFO   [9771B7\7987E4] Auto-router pass #100 on board 'ff1e1269e00029be95f3fe183d06a493' was completed in 0,62 seconds with the score of 957,84 (11 unrouted), using 2582,35 CPU seconds and 72451 MB memory.
2026-07-29 17:06:42.019 INFO   [9771B7\7987E4] Auto-router pass #101 on board 'ff1e1269e00029be95f3fe183d06a493' was completed in 0,57 seconds with the score of 957,84 (11 unrouted), using 2654,30 CPU seconds and 73451 MB memory.
2026-07-29 17:06:42.614 INFO   [9771B7\7987E4] Auto-router pass #102 on board 'ff1e1269e00029be95f3fe183d06a493' was completed in 0,58 seconds with the score of 957,84 (11 unrouted), using 2654,30 CPU seconds and 73451 MB memory.
2026-07-29 17:06:43.199 INFO   [9771B7\7987E4] Auto-router pass #103 on board 'ff1e1269e00029be95f3fe183d06a493' was completed in 0,58 seconds with the score of 957,84 (11 unrouted), using 2727,23 CPU seconds and 74493 MB memory.
2026-07-29 17:06:43.799 INFO   [9771B7\7987E4] Auto-router pass #104 on board 'ff1e1269e00029be95f3fe183d06a493' was completed in 0,59 seconds with the score of 957,84 (11 unrouted), using 2801,15 CPU seconds and 75551 MB memory.
2026-07-29 17:06:44.383 INFO   [9771B7\7987E4] Auto-router pass #105 on board 'ff1e1269e00029be95f3fe183d06a493' was completed in 0,57 seconds with the score of 957,84 (11 unrouted), using 2801,15 CPU seconds and 75551 MB memory.
2026-07-29 17:06:44.979 INFO   [9771B7\7987E4] Auto-router pass #106 on board 'ff1e1269e00029be95f3fe183d06a493' was completed in 0,59 seconds with the score of 957,84 (11 unrouted), using 2876,06 CPU seconds and 76596 MB memory.
2026-07-29 17:06:45.569 INFO   [9771B7\7987E4] Auto-router pass #107 on board 'ff1e1269e00029be95f3fe183d06a493' was completed in 0,58 seconds with the score of 957,84 (11 unrouted), using 2876,06 CPU seconds and 76596 MB memory.
2026-07-29 17:06:46.255 INFO   [9771B7\7987E4] Auto-router pass #108 on board 'ff1e1269e00029be95f3fe183d06a493' was completed in 0,68 seconds with the score of 957,84 (11 unrouted), using 2951,96 CPU seconds and 77634 MB memory.
2026-07-29 17:06:46.875 INFO   [9771B7\7987E4] Auto-router pass #109 on board 'ff1e1269e00029be95f3fe183d06a493' was completed in 0,61 seconds with the score of 957,84 (11 unrouted), using 3028,85 CPU seconds and 78583 MB memory.
2026-07-29 17:06:47.476 INFO   [9771B7\7987E4] Auto-router pass #110 on board 'ff1e1269e00029be95f3fe183d06a493' was completed in 0,59 seconds with the score of 957,84 (11 unrouted), using 3028,85 CPU seconds and 78583 MB memory.
2026-07-29 17:06:48.130 INFO   [9771B7\7987E4] Auto-router pass #111 on board 'ff1e1269e00029be95f3fe183d06a493' was completed in 0,65 seconds with the score of 957,84 (11 unrouted), using 3106,73 CPU seconds and 79590 MB memory.
2026-07-29 17:06:48.745 INFO   [9771B7\7987E4] Auto-router pass #112 on board 'ff1e1269e00029be95f3fe183d06a493' was completed in 0,60 seconds with the score of 957,84 (11 unrouted), using 3185,60 CPU seconds and 80566 MB memory.
2026-07-29 17:06:49.339 INFO   [9771B7\7987E4] Auto-router pass #113 on board 'ff1e1269e00029be95f3fe183d06a493' was completed in 0,58 seconds with the score of 957,84 (11 unrouted), using 3185,60 CPU seconds and 80566 MB memory.
2026-07-29 17:06:49.924 INFO   [9771B7\7987E4] Auto-router pass #114 on board 'ff1e1269e00029be95f3fe183d06a493' was completed in 0,57 seconds with the score of 957,84 (11 unrouted), using 3265,46 CPU seconds and 81604 MB memory.
2026-07-29 17:06:50.540 INFO   [9771B7\7987E4] Auto-router pass #115 on board 'ff1e1269e00029be95f3fe183d06a493' was completed in 0,61 seconds with the score of 957,84 (11 unrouted), using 3265,46 CPU seconds and 81604 MB memory.
2026-07-29 17:06:51.205 INFO   [9771B7\7987E4] Auto-router pass #116 on board 'ff1e1269e00029be95f3fe183d06a493' was completed in 0,66 seconds with the score of 957,84 (11 unrouted), using 3346,31 CPU seconds and 82607 MB memory.
2026-07-29 17:06:51.838 INFO   [9771B7\7987E4] Auto-router pass #117 on board 'ff1e1269e00029be95f3fe183d06a493' was completed in 0,62 seconds with the score of 957,84 (11 unrouted), using 3428,15 CPU seconds and 83575 MB memory.
2026-07-29 17:06:52.458 INFO   [9771B7\7987E4] Auto-router pass #118 on board 'ff1e1269e00029be95f3fe183d06a493' was completed in 0,61 seconds with the score of 957,84 (11 unrouted), using 3428,15 CPU seconds and 83575 MB memory.
2026-07-29 17:06:53.049 INFO   [9771B7\7987E4] Auto-router pass #119 on board 'ff1e1269e00029be95f3fe183d06a493' was completed in 0,58 seconds with the score of 957,84 (11 unrouted), using 3510,98 CPU seconds and 84571 MB memory.
2026-07-29 17:06:53.695 INFO   [9771B7\7987E4] Auto-router pass #120 on board 'ff1e1269e00029be95f3fe183d06a493' was completed in 0,64 seconds with the score of 957,84 (11 unrouted), using 3594,80 CPU seconds and 85580 MB memory.
2026-07-29 17:06:54.369 INFO   [9771B7\7987E4] Auto-router pass #121 on board 'ff1e1269e00029be95f3fe183d06a493' was completed in 0,66 seconds with the score of 957,84 (11 unrouted), using 3594,80 CPU seconds and 85580 MB memory.
2026-07-29 17:06:55.037 INFO   [9771B7\7987E4] Auto-router pass #122 on board 'ff1e1269e00029be95f3fe183d06a493' was completed in 0,66 seconds with the score of 957,84 (11 unrouted), using 3679,61 CPU seconds and 86500 MB memory.
2026-07-29 17:06:55.623 INFO   [9771B7\7987E4] Auto-router pass #123 on board 'ff1e1269e00029be95f3fe183d06a493' was completed in 0,58 seconds with the score of 957,84 (11 unrouted), using 3679,61 CPU seconds and 86500 MB memory.
2026-07-29 17:06:56.224 INFO   [9771B7\7987E4] Auto-router pass #124 on board 'ff1e1269e00029be95f3fe183d06a493' was completed in 0,59 seconds with the score of 957,84 (11 unrouted), using 3765,42 CPU seconds and 87491 MB memory.
2026-07-29 17:06:56.862 INFO   [9771B7\7987E4] Auto-router pass #125 on board 'ff1e1269e00029be95f3fe183d06a493' was completed in 0,63 seconds with the score of 957,84 (11 unrouted), using 3852,21 CPU seconds and 88535 MB memory.
2026-07-29 17:06:57.512 INFO   [9771B7\7987E4] Auto-router pass #126 on board 'ff1e1269e00029be95f3fe183d06a493' was completed in 0,64 seconds with the score of 957,84 (11 unrouted), using 3852,21 CPU seconds and 88535 MB memory.
2026-07-29 17:06:58.140 INFO   [9771B7\7987E4] Auto-router pass #127 on board 'ff1e1269e00029be95f3fe183d06a493' was completed in 0,62 seconds with the score of 957,84 (11 unrouted), using 3939,99 CPU seconds and 89462 MB memory.
2026-07-29 17:06:58.786 INFO   [9771B7\7987E4] Auto-router pass #128 on board 'ff1e1269e00029be95f3fe183d06a493' was completed in 0,64 seconds with the score of 957,84 (11 unrouted), using 4028,76 CPU seconds and 90448 MB memory.
2026-07-29 17:06:59.418 INFO   [9771B7\7987E4] Auto-router pass #129 on board 'ff1e1269e00029be95f3fe183d06a493' was completed in 0,62 seconds with the score of 957,84 (11 unrouted), using 4028,76 CPU seconds and 90448 MB memory.
2026-07-29 17:07:00.048 INFO   [9771B7\7987E4] Auto-router pass #130 on board 'ff1e1269e00029be95f3fe183d06a493' was completed in 0,62 seconds with the score of 957,84 (11 unrouted), using 4118,52 CPU seconds and 91423 MB memory.
2026-07-29 17:07:00.680 INFO   [9771B7\7987E4] Auto-router pass #131 on board 'ff1e1269e00029be95f3fe183d06a493' was completed in 0,62 seconds with the score of 957,84 (11 unrouted), using 4209,27 CPU seconds and 92396 MB memory.
2026-07-29 17:07:01.402 INFO   [9771B7\7987E4] Auto-router pass #132 on board 'ff1e1269e00029be95f3fe183d06a493' was completed in 0,71 seconds with the score of 957,84 (11 unrouted), using 4209,27 CPU seconds and 92396 MB memory.
2026-07-29 17:07:02.037 INFO   [9771B7\7987E4] Auto-router pass #133 on board 'ff1e1269e00029be95f3fe183d06a493' was completed in 0,62 seconds with the score of 957,84 (11 unrouted), using 4301,01 CPU seconds and 93295 MB memory.
2026-07-29 17:07:02.641 INFO   [9771B7\7987E4] Auto-router pass #134 on board 'ff1e1269e00029be95f3fe183d06a493' was completed in 0,59 seconds with the score of 957,84 (11 unrouted), using 4393,74 CPU seconds and 94295 MB memory.
2026-07-29 17:07:03.289 INFO   [9771B7\7987E4] Auto-router pass #135 on board 'ff1e1269e00029be95f3fe183d06a493' was completed in 0,64 seconds with the score of 957,84 (11 unrouted), using 4393,74 CPU seconds and 94295 MB memory.
2026-07-29 17:07:03.998 INFO   [9771B7\7987E4] Auto-router pass #136 on board 'ff1e1269e00029be95f3fe183d06a493' was completed in 0,70 seconds with the score of 957,84 (11 unrouted), using 4487,46 CPU seconds and 95217 MB memory.
2026-07-29 17:07:04.634 INFO   [9771B7\7987E4] Auto-router pass #137 on board 'ff1e1269e00029be95f3fe183d06a493' was completed in 0,62 seconds with the score of 957,84 (11 unrouted), using 4487,46 CPU seconds and 95217 MB memory.
2026-07-29 17:07:05.261 INFO   [9771B7\7987E4] Auto-router pass #138 on board 'ff1e1269e00029be95f3fe183d06a493' was completed in 0,62 seconds with the score of 957,84 (11 unrouted), using 4582,17 CPU seconds and 96164 MB memory.
2026-07-29 17:07:05.937 INFO   [9771B7\7987E4] Auto-router pass #139 on board 'ff1e1269e00029be95f3fe183d06a493' was completed in 0,67 seconds with the score of 957,84 (11 unrouted), using 4677,86 CPU seconds and 97129 MB memory.
2026-07-29 17:07:06.574 INFO   [9771B7\7987E4] Auto-router pass #140 on board 'ff1e1269e00029be95f3fe183d06a493' was completed in 0,63 seconds with the score of 957,84 (11 unrouted), using 4677,86 CPU seconds and 97129 MB memory.
2026-07-29 17:07:07.216 INFO   [9771B7\7987E4] Auto-router pass #141 on board 'ff1e1269e00029be95f3fe183d06a493' was completed in 0,63 seconds with the score of 957,84 (11 unrouted), using 4774,55 CPU seconds and 98089 MB memory.
2026-07-29 17:07:07.843 INFO   [9771B7\7987E4] Auto-router pass #142 on board 'ff1e1269e00029be95f3fe183d06a493' was completed in 0,62 seconds with the score of 957,84 (11 unrouted), using 4872,22 CPU seconds and 99053 MB memory.
2026-07-29 17:07:08.473 INFO   [9771B7\7987E4] Auto-router pass #143 on board 'ff1e1269e00029be95f3fe183d06a493' was completed in 0,62 seconds with the score of 957,84 (11 unrouted), using 4872,22 CPU seconds and 99053 MB memory.
2026-07-29 17:07:09.138 INFO   [9771B7\7987E4] Auto-router pass #144 on board 'ff1e1269e00029be95f3fe183d06a493' was completed in 0,65 seconds with the score of 957,84 (11 unrouted), using 4970,88 CPU seconds and 100024 MB memory.
2026-07-29 17:07:09.856 INFO   [9771B7\7987E4] Auto-router pass #145 on board 'ff1e1269e00029be95f3fe183d06a493' was completed in 0,71 seconds with the score of 957,84 (11 unrouted), using 5070,53 CPU seconds and 100932 MB memory.
2026-07-29 17:07:10.542 INFO   [9771B7\7987E4] Auto-router pass #146 on board 'ff1e1269e00029be95f3fe183d06a493' was completed in 0,67 seconds with the score of 957,84 (11 unrouted), using 5070,53 CPU seconds and 100932 MB memory.
2026-07-29 17:07:11.198 INFO   [9771B7\7987E4] Auto-router pass #147 on board 'ff1e1269e00029be95f3fe183d06a493' was completed in 0,65 seconds with the score of 957,84 (11 unrouted), using 5171,17 CPU seconds and 101822 MB memory.
2026-07-29 17:07:11.861 INFO   [9771B7\7987E4] Auto-router pass #148 on board 'ff1e1269e00029be95f3fe183d06a493' was completed in 0,65 seconds with the score of 957,84 (11 unrouted), using 5272,79 CPU seconds and 102756 MB memory.
2026-07-29 17:07:12.473 INFO   [9771B7\7987E4] Auto-router pass #149 on board 'ff1e1269e00029be95f3fe183d06a493' was completed in 0,60 seconds with the score of 957,84 (11 unrouted), using 5272,79 CPU seconds and 102756 MB memory.
2026-07-29 17:07:13.076 INFO   [9771B7\7987E4] Auto-router pass #150 on board 'ff1e1269e00029be95f3fe183d06a493' was completed in 0,59 seconds with the score of 957,84 (11 unrouted), using 5375,40 CPU seconds and 103761 MB memory.
2026-07-29 17:07:13.687 INFO   [9771B7\7987E4] Auto-router pass #151 on board 'ff1e1269e00029be95f3fe183d06a493' was completed in 0,60 seconds with the score of 957,84 (11 unrouted), using 5479,00 CPU seconds and 104775 MB memory.
2026-07-29 17:07:14.336 INFO   [9771B7\7987E4] Auto-router pass #152 on board 'ff1e1269e00029be95f3fe183d06a493' was completed in 0,64 seconds with the score of 957,84 (11 unrouted), using 5479,00 CPU seconds and 104775 MB memory.
2026-07-29 17:07:14.978 INFO   [9771B7\7987E4] Auto-router pass #153 on board 'ff1e1269e00029be95f3fe183d06a493' was completed in 0,63 seconds with the score of 957,84 (11 unrouted), using 5583,59 CPU seconds and 105749 MB memory.
2026-07-29 17:07:15.623 INFO   [9771B7\7987E4] Auto-router pass #154 on board 'ff1e1269e00029be95f3fe183d06a493' was completed in 0,63 seconds with the score of 957,84 (11 unrouted), using 5583,59 CPU seconds and 105749 MB memory.
2026-07-29 17:07:16.291 INFO   [9771B7\7987E4] Auto-router pass #155 on board 'ff1e1269e00029be95f3fe183d06a493' was completed in 0,66 seconds with the score of 957,84 (11 unrouted), using 5689,17 CPU seconds and 106699 MB memory.
2026-07-29 17:07:16.942 INFO   [9771B7\7987E4] Auto-router pass #156 on board 'ff1e1269e00029be95f3fe183d06a493' was completed in 0,64 seconds with the score of 957,84 (11 unrouted), using 5795,74 CPU seconds and 107639 MB memory.
2026-07-29 17:07:17.593 INFO   [9771B7\7987E4] Auto-router pass #157 on board 'ff1e1269e00029be95f3fe183d06a493' was completed in 0,64 seconds with the score of 957,84 (11 unrouted), using 5795,74 CPU seconds and 107639 MB memory.
2026-07-29 17:07:18.215 INFO   [9771B7\7987E4] Auto-router pass #158 on board 'ff1e1269e00029be95f3fe183d06a493' was completed in 0,61 seconds with the score of 957,84 (11 unrouted), using 5903,29 CPU seconds and 108594 MB memory.
2026-07-29 17:07:18.874 INFO   [9771B7\7987E4] Auto-router pass #159 on board 'ff1e1269e00029be95f3fe183d06a493' was completed in 0,65 seconds with the score of 957,84 (11 unrouted), using 6011,84 CPU seconds and 109563 MB memory.
2026-07-29 17:07:19.540 INFO   [9771B7\7987E4] Auto-router pass #160 on board 'ff1e1269e00029be95f3fe183d06a493' was completed in 0,66 seconds with the score of 957,84 (11 unrouted), using 6011,84 CPU seconds and 109563 MB memory.
2026-07-29 17:07:20.209 INFO   [9771B7\7987E4] Auto-router pass #161 on board 'ff1e1269e00029be95f3fe183d06a493' was completed in 0,66 seconds with the score of 957,84 (11 unrouted), using 6121,37 CPU seconds and 110506 MB memory.
2026-07-29 17:07:20.881 INFO   [9771B7\7987E4] Auto-router pass #162 on board 'ff1e1269e00029be95f3fe183d06a493' was completed in 0,66 seconds with the score of 957,84 (11 unrouted), using 6231,89 CPU seconds and 111425 MB memory.
2026-07-29 17:07:21.537 INFO   [9771B7\7987E4] Auto-router pass #163 on board 'ff1e1269e00029be95f3fe183d06a493' was completed in 0,65 seconds with the score of 957,84 (11 unrouted), using 6231,89 CPU seconds and 111425 MB memory.
2026-07-29 17:07:22.217 INFO   [9771B7\7987E4] Auto-router pass #164 on board 'ff1e1269e00029be95f3fe183d06a493' was completed in 0,67 seconds with the score of 957,84 (11 unrouted), using 6343,40 CPU seconds and 112355 MB memory.
2026-07-29 17:07:22.889 INFO   [9771B7\7987E4] Auto-router pass #165 on board 'ff1e1269e00029be95f3fe183d06a493' was completed in 0,66 seconds with the score of 957,84 (11 unrouted), using 6455,90 CPU seconds and 113289 MB memory.
2026-07-29 17:07:23.547 INFO   [9771B7\7987E4] Auto-router pass #166 on board 'ff1e1269e00029be95f3fe183d06a493' was completed in 0,65 seconds with the score of 957,84 (11 unrouted), using 6455,90 CPU seconds and 113289 MB memory.
2026-07-29 17:07:24.208 INFO   [9771B7\7987E4] Auto-router pass #167 on board 'ff1e1269e00029be95f3fe183d06a493' was completed in 0,65 seconds with the score of 957,84 (11 unrouted), using 6569,39 CPU seconds and 114209 MB memory.
2026-07-29 17:07:24.862 INFO   [9771B7\7987E4] Auto-router pass #168 on board 'ff1e1269e00029be95f3fe183d06a493' was completed in 0,64 seconds with the score of 957,84 (11 unrouted), using 6683,87 CPU seconds and 115155 MB memory.
2026-07-29 17:07:25.562 INFO   [9771B7\7987E4] Auto-router pass #169 on board 'ff1e1269e00029be95f3fe183d06a493' was completed in 0,69 seconds with the score of 957,84 (11 unrouted), using 6683,87 CPU seconds and 115155 MB memory.
2026-07-29 17:07:26.246 INFO   [9771B7\7987E4] Auto-router pass #170 on board 'ff1e1269e00029be95f3fe183d06a493' was completed in 0,67 seconds with the score of 957,84 (11 unrouted), using 6799,33 CPU seconds and 116051 MB memory.
2026-07-29 17:07:26.896 INFO   [9771B7\7987E4] Auto-router pass #171 on board 'ff1e1269e00029be95f3fe183d06a493' was completed in 0,64 seconds with the score of 957,84 (11 unrouted), using 6915,78 CPU seconds and 116970 MB memory.
2026-07-29 17:07:27.564 INFO   [9771B7\7987E4] Auto-router pass #172 on board 'ff1e1269e00029be95f3fe183d06a493' was completed in 0,66 seconds with the score of 957,84 (11 unrouted), using 6915,78 CPU seconds and 116970 MB memory.
2026-07-29 17:07:28.217 INFO   [9771B7\7987E4] Auto-router pass #173 on board 'ff1e1269e00029be95f3fe183d06a493' was completed in 0,64 seconds with the score of 957,84 (11 unrouted), using 7033,22 CPU seconds and 117921 MB memory.
2026-07-29 17:07:28.872 INFO   [9771B7\7987E4] Auto-router pass #174 on board 'ff1e1269e00029be95f3fe183d06a493' was completed in 0,65 seconds with the score of 957,84 (11 unrouted), using 7151,64 CPU seconds and 118864 MB memory.
2026-07-29 17:07:29.535 INFO   [9771B7\7987E4] Auto-router pass #175 on board 'ff1e1269e00029be95f3fe183d06a493' was completed in 0,65 seconds with the score of 957,84 (11 unrouted), using 7151,64 CPU seconds and 118864 MB memory.
2026-07-29 17:07:30.213 INFO   [9771B7\7987E4] Auto-router pass #176 on board 'ff1e1269e00029be95f3fe183d06a493' was completed in 0,67 seconds with the score of 957,84 (11 unrouted), using 7271,06 CPU seconds and 119788 MB memory.
2026-07-29 17:07:30.854 INFO   [9771B7\7987E4] Auto-router pass #177 on board 'ff1e1269e00029be95f3fe183d06a493' was completed in 0,63 seconds with the score of 957,84 (11 unrouted), using 7391,46 CPU seconds and 120736 MB memory.
2026-07-29 17:07:31.514 INFO   [9771B7\7987E4] Auto-router pass #178 on board 'ff1e1269e00029be95f3fe183d06a493' was completed in 0,65 seconds with the score of 957,84 (11 unrouted), using 7391,46 CPU seconds and 120736 MB memory.
2026-07-29 17:07:32.161 INFO   [9771B7\7987E4] Auto-router pass #179 on board 'ff1e1269e00029be95f3fe183d06a493' was completed in 0,64 seconds with the score of 957,84 (11 unrouted), using 7512,85 CPU seconds and 121674 MB memory.
2026-07-29 17:07:32.814 INFO   [9771B7\7987E4] Auto-router pass #180 on board 'ff1e1269e00029be95f3fe183d06a493' was completed in 0,64 seconds with the score of 957,84 (11 unrouted), using 7635,24 CPU seconds and 122640 MB memory.
2026-07-29 17:07:33.436 INFO   [9771B7\7987E4] Auto-router pass #181 on board 'ff1e1269e00029be95f3fe183d06a493' was completed in 0,61 seconds with the score of 957,84 (11 unrouted), using 7635,24 CPU seconds and 122640 MB memory.
2026-07-29 17:07:34.052 INFO   [9771B7\7987E4] Auto-router pass #182 on board 'ff1e1269e00029be95f3fe183d06a493' was completed in 0,61 seconds with the score of 957,84 (11 unrouted), using 7758,61 CPU seconds and 123624 MB memory.
2026-07-29 17:07:34.692 INFO   [9771B7\7987E4] Auto-router pass #183 on board 'ff1e1269e00029be95f3fe183d06a493' was completed in 0,63 seconds with the score of 957,84 (11 unrouted), using 7882,97 CPU seconds and 124598 MB memory.
2026-07-29 17:07:35.423 INFO   [9771B7\7987E4] Auto-router pass #184 on board 'ff1e1269e00029be95f3fe183d06a493' was completed in 0,72 seconds with the score of 957,84 (11 unrouted), using 7882,97 CPU seconds and 124598 MB memory.
2026-07-29 17:07:36.160 INFO   [9771B7\7987E4] Auto-router pass #185 on board 'ff1e1269e00029be95f3fe183d06a493' was completed in 0,72 seconds with the score of 957,84 (11 unrouted), using 8008,32 CPU seconds and 125460 MB memory.
2026-07-29 17:07:36.889 INFO   [9771B7\7987E4] Auto-router pass #186 on board 'ff1e1269e00029be95f3fe183d06a493' was completed in 0,72 seconds with the score of 957,84 (11 unrouted), using 8134,66 CPU seconds and 126301 MB memory.
2026-07-29 17:07:37.593 INFO   [9771B7\7987E4] Auto-router pass #187 on board 'ff1e1269e00029be95f3fe183d06a493' was completed in 0,69 seconds with the score of 957,84 (11 unrouted), using 8134,66 CPU seconds and 126301 MB memory.
2026-07-29 17:07:38.272 INFO   [9771B7\7987E4] Auto-router pass #188 on board 'ff1e1269e00029be95f3fe183d06a493' was completed in 0,67 seconds with the score of 957,84 (11 unrouted), using 8261,99 CPU seconds and 127167 MB memory.
2026-07-29 17:07:38.929 INFO   [9771B7\7987E4] Auto-router pass #189 on board 'ff1e1269e00029be95f3fe183d06a493' was completed in 0,65 seconds with the score of 957,84 (11 unrouted), using 8390,31 CPU seconds and 128102 MB memory.
2026-07-29 17:07:39.662 INFO   [9771B7\7987E4] Auto-router pass #190 on board 'ff1e1269e00029be95f3fe183d06a493' was completed in 0,72 seconds with the score of 957,84 (11 unrouted), using 8519,62 CPU seconds and 128977 MB memory.
2026-07-29 17:07:40.395 INFO   [9771B7\7987E4] Auto-router pass #191 on board 'ff1e1269e00029be95f3fe183d06a493' was completed in 0,72 seconds with the score of 957,84 (11 unrouted), using 8519,62 CPU seconds and 128977 MB memory.
2026-07-29 17:07:41.065 INFO   [9771B7\7987E4] Auto-router pass #192 on board 'ff1e1269e00029be95f3fe183d06a493' was completed in 0,66 seconds with the score of 957,84 (11 unrouted), using 8649,92 CPU seconds and 129825 MB memory.
2026-07-29 17:07:41.680 INFO   [9771B7\7987E4] Auto-router pass #193 on board 'ff1e1269e00029be95f3fe183d06a493' was completed in 0,60 seconds with the score of 957,84 (11 unrouted), using 8781,20 CPU seconds and 130815 MB memory.
2026-07-29 17:07:42.290 INFO   [9771B7\7987E4] Auto-router pass #194 on board 'ff1e1269e00029be95f3fe183d06a493' was completed in 0,60 seconds with the score of 957,84 (11 unrouted), using 8781,20 CPU seconds and 130815 MB memory.
2026-07-29 17:07:42.960 INFO   [9771B7\7987E4] Auto-router pass #195 on board 'ff1e1269e00029be95f3fe183d06a493' was completed in 0,66 seconds with the score of 957,84 (11 unrouted), using 8913,48 CPU seconds and 131796 MB memory.
2026-07-29 17:07:43.604 INFO   [9771B7\7987E4] Auto-router pass #196 on board 'ff1e1269e00029be95f3fe183d06a493' was completed in 0,63 seconds with the score of 957,84 (11 unrouted), using 8913,48 CPU seconds and 131796 MB memory.
2026-07-29 17:07:44.211 INFO   [9771B7\7987E4] Auto-router pass #197 on board 'ff1e1269e00029be95f3fe183d06a493' was completed in 0,60 seconds with the score of 957,84 (11 unrouted), using 9046,74 CPU seconds and 132754 MB memory.
2026-07-29 17:07:44.815 INFO   [9771B7\7987E4] Auto-router pass #198 on board 'ff1e1269e00029be95f3fe183d06a493' was completed in 0,59 seconds with the score of 957,84 (11 unrouted), using 9180,99 CPU seconds and 133771 MB memory.
2026-07-29 17:07:45.422 INFO   [9771B7\7987E4] Auto-router pass #199 on board 'ff1e1269e00029be95f3fe183d06a493' was completed in 0,60 seconds with the score of 957,84 (11 unrouted), using 9180,99 CPU seconds and 133771 MB memory.
2026-07-29 17:07:46.036 INFO   [9771B7\7987E4] Auto-router pass #200 on board 'ff1e1269e00029be95f3fe183d06a493' was completed in 0,60 seconds with the score of 957,84 (11 unrouted), using 9316,24 CPU seconds and 134793 MB memory.
2026-07-29 17:07:46.634 INFO   [9771B7\7987E4] Auto-router pass #201 on board 'ff1e1269e00029be95f3fe183d06a493' was completed in 0,59 seconds with the score of 957,84 (11 unrouted), using 9316,24 CPU seconds and 134793 MB memory.
2026-07-29 17:07:47.238 INFO   [9771B7\7987E4] Auto-router pass #202 on board 'ff1e1269e00029be95f3fe183d06a493' was completed in 0,59 seconds with the score of 957,84 (11 unrouted), using 9452,47 CPU seconds and 135816 MB memory.
2026-07-29 17:07:47.844 INFO   [9771B7\7987E4] Auto-router pass #203 on board 'ff1e1269e00029be95f3fe183d06a493' was completed in 0,60 seconds with the score of 957,84 (11 unrouted), using 9589,69 CPU seconds and 136836 MB memory.
2026-07-29 17:07:48.478 INFO   [9771B7\7987E4] Auto-router pass #204 on board 'ff1e1269e00029be95f3fe183d06a493' was completed in 0,62 seconds with the score of 957,84 (11 unrouted), using 9589,69 CPU seconds and 136836 MB memory.
2026-07-29 17:07:49.148 INFO   [9771B7\7987E4] Auto-router pass #205 on board 'ff1e1269e00029be95f3fe183d06a493' was completed in 0,66 seconds with the score of 957,84 (11 unrouted), using 9727,90 CPU seconds and 137826 MB memory.
2026-07-29 17:07:49.773 INFO   [9771B7\7987E4] Auto-router pass #206 on board 'ff1e1269e00029be95f3fe183d06a493' was completed in 0,61 seconds with the score of 957,84 (11 unrouted), using 9867,10 CPU seconds and 138768 MB memory.
2026-07-29 17:07:50.425 INFO   [9771B7\7987E4] Auto-router pass #207 on board 'ff1e1269e00029be95f3fe183d06a493' was completed in 0,64 seconds with the score of 957,84 (11 unrouted), using 9867,10 CPU seconds and 138768 MB memory.
2026-07-29 17:07:51.062 INFO   [9771B7\7987E4] Auto-router pass #208 on board 'ff1e1269e00029be95f3fe183d06a493' was completed in 0,63 seconds with the score of 957,84 (11 unrouted), using 10007,29 CPU seconds and 139728 MB memory.
2026-07-29 17:07:51.700 INFO   [9771B7\7987E4] Auto-router pass #209 on board 'ff1e1269e00029be95f3fe183d06a493' was completed in 0,63 seconds with the score of 957,84 (11 unrouted), using 10148,47 CPU seconds and 140712 MB memory.
2026-07-29 17:07:52.373 INFO   [9771B7\7987E4] Auto-router pass #210 on board 'ff1e1269e00029be95f3fe183d06a493' was completed in 0,66 seconds with the score of 957,84 (11 unrouted), using 10148,47 CPU seconds and 140712 MB memory.
2026-07-29 17:07:53.058 INFO   [9771B7\7987E4] Auto-router pass #211 on board 'ff1e1269e00029be95f3fe183d06a493' was completed in 0,67 seconds with the score of 957,84 (11 unrouted), using 10290,64 CPU seconds and 141612 MB memory.
2026-07-29 17:07:53.775 INFO   [9771B7\7987E4] Auto-router pass #212 on board 'ff1e1269e00029be95f3fe183d06a493' was completed in 0,70 seconds with the score of 957,84 (11 unrouted), using 10433,79 CPU seconds and 142494 MB memory.
2026-07-29 17:07:54.381 INFO   [9771B7\7987E4] Auto-router pass #213 on board 'ff1e1269e00029be95f3fe183d06a493' was completed in 0,60 seconds with the score of 957,84 (11 unrouted), using 10433,79 CPU seconds and 142494 MB memory.
2026-07-29 17:07:54.990 INFO   [9771B7\7987E4] Auto-router pass #214 on board 'ff1e1269e00029be95f3fe183d06a493' was completed in 0,60 seconds with the score of 957,84 (11 unrouted), using 10577,94 CPU seconds and 143509 MB memory.
2026-07-29 17:07:55.600 INFO   [9771B7\7987E4] Auto-router pass #215 on board 'ff1e1269e00029be95f3fe183d06a493' was completed in 0,60 seconds with the score of 957,84 (11 unrouted), using 10577,94 CPU seconds and 143509 MB memory.
2026-07-29 17:07:56.260 INFO   [9771B7\7987E4] Auto-router pass #216 on board 'ff1e1269e00029be95f3fe183d06a493' was completed in 0,65 seconds with the score of 957,84 (11 unrouted), using 10723,07 CPU seconds and 144514 MB memory.
2026-07-29 17:07:56.877 INFO   [9771B7\7987E4] Auto-router pass #217 on board 'ff1e1269e00029be95f3fe183d06a493' was completed in 0,61 seconds with the score of 957,84 (11 unrouted), using 10869,19 CPU seconds and 145490 MB memory.
2026-07-29 17:07:57.540 INFO   [9771B7\7987E4] Auto-router pass #218 on board 'ff1e1269e00029be95f3fe183d06a493' was completed in 0,65 seconds with the score of 957,84 (11 unrouted), using 10869,19 CPU seconds and 145490 MB memory.
2026-07-29 17:07:58.186 INFO   [9771B7\7987E4] Auto-router pass #219 on board 'ff1e1269e00029be95f3fe183d06a493' was completed in 0,64 seconds with the score of 957,84 (11 unrouted), using 11016,30 CPU seconds and 146434 MB memory.
2026-07-29 17:07:58.850 INFO   [9771B7\7987E4] Auto-router pass #220 on board 'ff1e1269e00029be95f3fe183d06a493' was completed in 0,65 seconds with the score of 957,84 (11 unrouted), using 11164,39 CPU seconds and 147390 MB memory.
2026-07-29 17:07:59.500 INFO   [9771B7\7987E4] Auto-router pass #221 on board 'ff1e1269e00029be95f3fe183d06a493' was completed in 0,64 seconds with the score of 957,84 (11 unrouted), using 11164,39 CPU seconds and 147390 MB memory.
2026-07-29 17:08:00.176 INFO   [9771B7\7987E4] Auto-router pass #222 on board 'ff1e1269e00029be95f3fe183d06a493' was completed in 0,67 seconds with the score of 957,84 (11 unrouted), using 11313,48 CPU seconds and 148323 MB memory.
2026-07-29 17:08:00.831 INFO   [9771B7\7987E4] Auto-router pass #223 on board 'ff1e1269e00029be95f3fe183d06a493' was completed in 0,64 seconds with the score of 957,84 (11 unrouted), using 11463,55 CPU seconds and 149254 MB memory.
2026-07-29 17:08:01.498 INFO   [9771B7\7987E4] Auto-router pass #224 on board 'ff1e1269e00029be95f3fe183d06a493' was completed in 0,66 seconds with the score of 957,84 (11 unrouted), using 11463,55 CPU seconds and 149254 MB memory.
2026-07-29 17:08:02.144 INFO   [9771B7\7987E4] Auto-router pass #225 on board 'ff1e1269e00029be95f3fe183d06a493' was completed in 0,64 seconds with the score of 957,84 (11 unrouted), using 11614,61 CPU seconds and 150200 MB memory.
2026-07-29 17:08:02.782 INFO   [9771B7\7987E4] Auto-router pass #226 on board 'ff1e1269e00029be95f3fe183d06a493' was completed in 0,63 seconds with the score of 957,84 (11 unrouted), using 11766,66 CPU seconds and 151160 MB memory.
2026-07-29 17:08:03.395 INFO   [9771B7\7987E4] Auto-router pass #227 on board 'ff1e1269e00029be95f3fe183d06a493' was completed in 0,60 seconds with the score of 957,84 (11 unrouted), using 11766,66 CPU seconds and 151160 MB memory.
2026-07-29 17:08:04.001 INFO   [9771B7\7987E4] Auto-router pass #228 on board 'ff1e1269e00029be95f3fe183d06a493' was completed in 0,60 seconds with the score of 957,84 (11 unrouted), using 11919,70 CPU seconds and 152166 MB memory.
2026-07-29 17:08:04.585 INFO   [9771B7\7987E4] Auto-router pass #229 on board 'ff1e1269e00029be95f3fe183d06a493' was completed in 0,57 seconds with the score of 957,84 (11 unrouted), using 11919,70 CPU seconds and 152166 MB memory.
2026-07-29 17:08:05.173 INFO   [9771B7\7987E4] Auto-router pass #230 on board 'ff1e1269e00029be95f3fe183d06a493' was completed in 0,58 seconds with the score of 957,84 (11 unrouted), using 12073,74 CPU seconds and 153215 MB memory.
2026-07-29 17:08:05.764 INFO   [9771B7\7987E4] Auto-router pass #231 on board 'ff1e1269e00029be95f3fe183d06a493' was completed in 0,58 seconds with the score of 957,84 (11 unrouted), using 12228,76 CPU seconds and 154261 MB memory.
2026-07-29 17:08:06.366 INFO   [9771B7\7987E4] Auto-router pass #232 on board 'ff1e1269e00029be95f3fe183d06a493' was completed in 0,59 seconds with the score of 957,84 (11 unrouted), using 12228,76 CPU seconds and 154261 MB memory.
2026-07-29 17:08:07.009 INFO   [9771B7\7987E4] Auto-router pass #233 on board 'ff1e1269e00029be95f3fe183d06a493' was completed in 0,63 seconds with the score of 957,84 (11 unrouted), using 12384,78 CPU seconds and 155288 MB memory.
2026-07-29 17:08:07.656 INFO   [9771B7\7987E4] Auto-router pass #234 on board 'ff1e1269e00029be95f3fe183d06a493' was completed in 0,64 seconds with the score of 957,84 (11 unrouted), using 12541,79 CPU seconds and 156238 MB memory.
2026-07-29 17:08:08.301 INFO   [9771B7\7987E4] Auto-router pass #235 on board 'ff1e1269e00029be95f3fe183d06a493' was completed in 0,63 seconds with the score of 957,84 (11 unrouted), using 12541,79 CPU seconds and 156238 MB memory.
2026-07-29 17:08:08.936 INFO   [9771B7\7987E4] Auto-router pass #236 on board 'ff1e1269e00029be95f3fe183d06a493' was completed in 0,62 seconds with the score of 957,84 (11 unrouted), using 12699,79 CPU seconds and 157205 MB memory.
2026-07-29 17:08:09.559 INFO   [9771B7\7987E4] Auto-router pass #237 on board 'ff1e1269e00029be95f3fe183d06a493' was completed in 0,61 seconds with the score of 957,84 (11 unrouted), using 12699,79 CPU seconds and 157205 MB memory.
2026-07-29 17:08:10.181 INFO   [9771B7\7987E4] Auto-router pass #238 on board 'ff1e1269e00029be95f3fe183d06a493' was completed in 0,61 seconds with the score of 957,84 (11 unrouted), using 12858,77 CPU seconds and 158193 MB memory.
2026-07-29 17:08:10.798 INFO   [9771B7\7987E4] Auto-router pass #239 on board 'ff1e1269e00029be95f3fe183d06a493' was completed in 0,61 seconds with the score of 957,84 (11 unrouted), using 13018,75 CPU seconds and 159190 MB memory.
2026-07-29 17:08:11.403 INFO   [9771B7\7987E4] Auto-router pass #240 on board 'ff1e1269e00029be95f3fe183d06a493' was completed in 0,59 seconds with the score of 957,84 (11 unrouted), using 13018,75 CPU seconds and 159190 MB memory.
2026-07-29 17:08:11.978 INFO   [9771B7\7987E4] Auto-router pass #241 on board 'ff1e1269e00029be95f3fe183d06a493' was completed in 0,56 seconds with the score of 957,84 (11 unrouted), using 13179,72 CPU seconds and 160235 MB memory.
2026-07-29 17:08:12.602 INFO   [9771B7\7987E4] Auto-router pass #242 on board 'ff1e1269e00029be95f3fe183d06a493' was completed in 0,61 seconds with the score of 957,84 (11 unrouted), using 13179,72 CPU seconds and 160235 MB memory.
2026-07-29 17:08:13.224 INFO   [9771B7\7987E4] Auto-router pass #243 on board 'ff1e1269e00029be95f3fe183d06a493' was completed in 0,61 seconds with the score of 957,84 (11 unrouted), using 13341,67 CPU seconds and 161243 MB memory.
2026-07-29 17:08:13.884 INFO   [9771B7\7987E4] Auto-router pass #244 on board 'ff1e1269e00029be95f3fe183d06a493' was completed in 0,65 seconds with the score of 957,84 (11 unrouted), using 13504,62 CPU seconds and 162209 MB memory.
2026-07-29 17:08:14.591 INFO   [9771B7\7987E4] Auto-router pass #245 on board 'ff1e1269e00029be95f3fe183d06a493' was completed in 0,69 seconds with the score of 957,84 (11 unrouted), using 13504,62 CPU seconds and 162209 MB memory.
2026-07-29 17:08:15.201 INFO   [9771B7\7987E4] Auto-router pass #246 on board 'ff1e1269e00029be95f3fe183d06a493' was completed in 0,60 seconds with the score of 957,84 (11 unrouted), using 13668,55 CPU seconds and 163115 MB memory.
2026-07-29 17:08:15.833 INFO   [9771B7\7987E4] Auto-router pass #247 on board 'ff1e1269e00029be95f3fe183d06a493' was completed in 0,62 seconds with the score of 957,84 (11 unrouted), using 13833,48 CPU seconds and 164125 MB memory.
2026-07-29 17:08:16.475 INFO   [9771B7\7987E4] Auto-router pass #248 on board 'ff1e1269e00029be95f3fe183d06a493' was completed in 0,63 seconds with the score of 957,84 (11 unrouted), using 13833,48 CPU seconds and 164125 MB memory.
2026-07-29 17:08:17.088 INFO   [9771B7\7987E4] Auto-router pass #249 on board 'ff1e1269e00029be95f3fe183d06a493' was completed in 0,60 seconds with the score of 957,84 (11 unrouted), using 13999,39 CPU seconds and 165101 MB memory.
2026-07-29 17:08:17.719 INFO   [9771B7\7987E4] Auto-router pass #250 on board 'ff1e1269e00029be95f3fe183d06a493' was completed in 0,62 seconds with the score of 957,84 (11 unrouted), using 14166,29 CPU seconds and 166089 MB memory.
2026-07-29 17:08:18.343 INFO   [9771B7\7987E4] Auto-router pass #251 on board 'ff1e1269e00029be95f3fe183d06a493' was completed in 0,61 seconds with the score of 957,84 (11 unrouted), using 14166,29 CPU seconds and 166089 MB memory.
2026-07-29 17:08:18.977 INFO   [9771B7\7987E4] Auto-router pass #252 on board 'ff1e1269e00029be95f3fe183d06a493' was completed in 0,62 seconds with the score of 957,84 (11 unrouted), using 14334,18 CPU seconds and 167077 MB memory.
2026-07-29 17:08:19.600 INFO   [9771B7\7987E4] Auto-router pass #253 on board 'ff1e1269e00029be95f3fe183d06a493' was completed in 0,61 seconds with the score of 957,84 (11 unrouted), using 14334,18 CPU seconds and 167077 MB memory.
